{
  "pilot_pass": true,
  "first_failure": null,
  "recommended_next_phase": null,
  "last_good_sample": {
    "timestamp": 1785602746.1310458,
    "runtime_state": "running",
    "pid": 8280,
    "heartbeat_age": 16.7,
    "worker_status": "normalizing",
    "progress_current": 1,
    "progress_total": 3,
    "progress_detail": "extracting Markdown",
    "current_path": "C:\\Users\\\u90d1\u66fe\u6ce2\\Projects\\company-wiki\\companies\\\u5965\u666e\u7279\\raw\\research\\20210617-\u534e\u6cf0\u8bc1\u5238-\u5965\u666e\u7279-688686-\u673a\u5668\u89c6\u89c9\u6838\u5fc3\u8f6f\u786c\u4ef6\u8fdb\u53e3\u66ff\u4ee3\u9886\u8dd1\u8005.pdf",
    "current_path_elapsed_seconds": 16.7,
    "markdown_pending": 21111,
    "markdown_completed": 2520,
    "artifact_rows": 5537,
    "production_workers": 1,
    "foreign_workers": 0,
    "pytest_temp_workers": 0,
    "production_supervisors": 1,
    "foreign_supervisors": 0,
    "pytest_temp_supervisors": 0,
    "production_supervisor_pids": [
      15192
    ],
    "long_running": false,
    "scan_interrupted_count": 8,
    "latest_running_scan": null,
    "operation_lock": "live",
    "operation_lock_pid": 8280,
    "operation_lock_identity_verification": "matched",
    "operation_lock_process_creation_time": 1785599879.752698,
    "operation_lock_observed_process_creation_time": 1785599879.752698,
    "last_cycle_at": 1785602439.5918202,
    "last_cycle_status": "completed",
    "last_cycle_error": "CatalogOperationLockedError: catalog operation already running: pid=11796",
    "next_wake_reason": null,
    "next_wait_seconds": null,
    "last_export_progress_total": 12,
    "last_export_duration_seconds": 17.05
  },
  "duration_minutes": 44.1,
  "sample_count": 6,
  "runtime_all_running": true,
  "production_worker_count": 1,
  "production_worker_min": 1,
  "production_worker_pids": [
    8280
  ],
  "heartbeat_stale_threshold_seconds": 180,
  "raw_heartbeat_stale_count": 0,
  "heartbeat_stale_count": 0,
  "foreign_worker_max": 0,
  "pytest_temp_worker_max": 0,
  "supervisor_required": true,
  "production_supervisor_min": 1,
  "production_supervisor_max": 1,
  "production_supervisor_pids": [
    15192
  ],
  "repeated_cycle_failure_count": 0,
  "repeated_cycle_error": null,
  "foreign_supervisor_max": 0,
  "pytest_temp_supervisor_max": 0,
  "pending_start": 21130,
  "pending_end": 21111,
  "pending_delta": 19,
  "normalized_start": 2502,
  "normalized_end": 2520,
  "normalized_delta": 18,
  "minimum_normalized_delta": 15,
  "artifact_start": 5517,
  "artifact_end": 5537,
  "artifact_delta": 20,
  "progress_required": true,
  "progress_observed": true,
  "throughput_pass": true,
  "required_export_progress_total": null,
  "export_progress_totals_observed": [
    12
  ],
  "export_progress_contract_observed": true,
  "scan_enumeration_sample_count": 0,
  "scan_enumeration_running_visible": false,
  "visible_scan_enumeration_required": false,
  "same_path_max_seconds": 77.3,
  "same_path_limit_seconds": 900,
  "scan_interrupted_delta": 0,
  "db_quick_check": "ok",
  "db_quick_check_elapsed_seconds": 806.3,
  "raw_samples": [
    "companies\\SHEIN\\raw\\research\\20210727-\u5f00\u6e90\u8bc1\u5238-\u7eba\u7ec7\u670d\u88c5\u884c\u4e1a\uff1a\u654f\u6377\u4f9b\u5e94\u94fe\u4e0e\u6570\u5b57\u5316\u8fd0\u8425\u4e0b\u7684SHEIN\u6a21\u5f0f\u89e3\u6790.pdf",
    "companies\\SHEIN\\raw\\research\\20211214-\u4e2d\u6cf0\u8bc1\u5238-\u4e92\u8054\u7f51\u884c\u4e1a\u54c1\u724c\u51fa\u6d77\u7cfb\u5217\u6df1\u5ea6\u00b7SheIn\u7bc7\uff1a\u75be\u5982\u98ce\uff0c\u5f90\u5982\u6797.pdf",
    "companies\\SHEIN\\raw\\research\\20221009-\u62db\u5546\u8bc1\u5238-\u53ef\u9009\u6d88\u8d39\u884c\u4e1aSHEIN\u6df1\u5ea6\u62a5\u544a\uff1a\u4f9b\u5e94\u94fe&\u6d41\u91cf\u4e3a\u6838\uff0c\u5feb\u65f6\u5c1a\u8de8\u5883\u5de8\u5934\u539a\u79ef\u8584\u53d1.pdf",
    "companies\\\u4e03\u4e00\u4e8c\\raw\\financial_reports\\\u4e03\u4e00\u4e8c\uff1a2017\u5e74\u5e74\u5ea6\u62a5\u544a.pdf",
    "companies\\\u4e03\u4e00\u4e8c\\raw\\financial_reports\\\u4e03\u4e00\u4e8c\uff1a2018\u5e74\u534a\u5e74\u5ea6\u62a5\u544a.pdf"
  ],
  "raw_sample_unchanged": true,
  "stockwiki_writes": 0,
  "stockwiki_write_check": "path/size/mtime metadata snapshot",
  "stockwiki_unchanged": true,
  "stockwiki_files": 4123,
  "samples": [
    {
      "timestamp": 1785601225.867573,
      "runtime_state": "running",
      "pid": 8280,
      "heartbeat_age": 10.6,
      "worker_status": "fingerprinting",
      "progress_current": 1,
      "progress_total": 3,
      "progress_detail": "backfilling text fingerprint",
      "current_path": "C:\\Users\\\u90d1\u66fe\u6ce2\\Projects\\company-wiki\\companies\\\u5e7f\u5dde\u9152\u5bb6\\raw\\financial_reports\\\u5e7f\u5dde\u9152\u5bb6\uff1a2020\u5e74\u534a\u5e74\u5ea6\u62a5\u544a.pdf",
      "current_path_elapsed_seconds": 10.6,
      "markdown_pending": 21130,
      "markdown_completed": 2502,
      "artifact_rows": 5517,
      "production_workers": 1,
      "foreign_workers": 0,
      "pytest_temp_workers": 0,
      "production_supervisors": 1,
      "foreign_supervisors": 0,
      "pytest_temp_supervisors": 0,
      "production_supervisor_pids": [
        15192
      ],
      "long_running": false,
      "scan_interrupted_count": 8,
      "latest_running_scan": null,
      "operation_lock": "live",
      "operation_lock_pid": 8280,
      "operation_lock_identity_verification": "matched",
      "operation_lock_process_creation_time": 1785599879.752698,
      "operation_lock_observed_process_creation_time": 1785599879.752698,
      "last_cycle_at": 1785600916.3581958,
      "last_cycle_status": "completed",
      "last_cycle_error": "LLMProviderError: mimo/mimo-v2.5-pro: \u91cd\u8bd5 3 \u6b21\u540e\u4ecd\u5931\u8d25: SDK \u8c03\u7528\u5931\u8d25: Error code: 429 - {'error': {'code': '429', 'message': 'quota exhausted', 'type': 'limitation'}}",
      "next_wake_reason": null,
      "next_wait_seconds": null,
      "last_export_progress_total": 12,
      "last_export_duration_seconds": 84.079
    },
    {
      "timestamp": 1785601534.4127598,
      "runtime_state": "running",
      "pid": 8280,
      "heartbeat_age": 7.0,
      "worker_status": "waiting",
      "progress_current": 0,
      "progress_total": 0,
      "progress_detail": "waiting for next cycle",
      "current_path": null,
      "current_path_elapsed_seconds": null,
      "markdown_pending": 21127,
      "markdown_completed": 2505,
      "artifact_rows": 5520,
      "production_workers": 1,
      "foreign_workers": 0,
      "pytest_temp_workers": 0,
      "production_supervisors": 1,
      "foreign_supervisors": 0,
      "pytest_temp_supervisors": 0,
      "production_supervisor_pids": [
        15192
      ],
      "long_running": false,
      "scan_interrupted_count": 8,
      "latest_running_scan": null,
      "operation_lock": "absent",
      "operation_lock_pid": null,
      "operation_lock_identity_verification": "absent",
      "operation_lock_process_creation_time": null,
      "operation_lock_observed_process_creation_time": null,
      "last_cycle_at": 1785601386.5976365,
      "last_cycle_status": "completed",
      "last_cycle_error": "LLMProviderError: mimo/mimo-v2.5-pro: \u91cd\u8bd5 3 \u6b21\u540e\u4ecd\u5931\u8d25: SDK \u8c03\u7528\u5931\u8d25: Error code: 429 - {'error': {'code': '429', 'message': 'quota exhausted', 'type': 'limitation'}}",
      "next_wake_reason": "llm_deferred",
      "next_wait_seconds": 30,
      "last_export_progress_total": 12,
      "last_export_duration_seconds": 84.079
    },
    {
      "timestamp": 1785601836.85887,
      "runtime_state": "running",
      "pid": 8280,
      "heartbeat_age": 24.0,
      "worker_status": "normalizing",
      "progress_current": 2,
      "progress_total": 3,
      "progress_detail": "extracting Markdown",
      "current_path": "C:\\Users\\\u90d1\u66fe\u6ce2\\Projects\\company-wiki\\companies\\\u6ea2\u591a\u5229\\raw\\financial_reports\\\u6ea2\u591a\u5229\uff1a2025\u5e74\u534a\u5e74\u5ea6\u62a5\u544a.pdf",
      "current_path_elapsed_seconds": 24.0,
      "markdown_pending": 21123,
      "markdown_completed": 2509,
      "artifact_rows": 5524,
      "production_workers": 1,
      "foreign_workers": 0,
      "pytest_temp_workers": 0,
      "production_supervisors": 1,
      "foreign_supervisors": 0,
      "pytest_temp_supervisors": 0,
      "production_supervisor_pids": [
        15192
      ],
      "long_running": false,
      "scan_interrupted_count": 8,
      "latest_running_scan": null,
      "operation_lock": "live",
      "operation_lock_pid": 8280,
      "operation_lock_identity_verification": "matched",
      "operation_lock_process_creation_time": 1785599879.752698,
      "operation_lock_observed_process_creation_time": 1785599879.752698,
      "last_cycle_at": 1785601538.5814526,
      "last_cycle_status": "completed",
      "last_cycle_error": "LLMProviderError: mimo/mimo-v2.5-pro: \u91cd\u8bd5 3 \u6b21\u540e\u4ecd\u5931\u8d25: SDK \u8c03\u7528\u5931\u8d25: Error code: 429 - {'error': {'code': '429', 'message': 'quota exhausted', 'type': 'limitation'}}",
      "next_wake_reason": null,
      "next_wait_seconds": null,
      "last_export_progress_total": 12,
      "last_export_duration_seconds": 84.079
    },
    {
      "timestamp": 1785602138.8533523,
      "runtime_state": "running",
      "pid": 8280,
      "heartbeat_age": 77.3,
      "worker_status": "fingerprinting",
      "progress_current": 2,
      "progress_total": 3,
      "progress_detail": "backfilling text fingerprint",
      "current_path": "C:\\Users\\\u90d1\u66fe\u6ce2\\Projects\\company-wiki\\companies\\\u7eff\u8335\u751f\u6001\\raw\\financial_reports\\\u7eff\u8335\u751f\u6001\uff1a2018\u5e74\u534a\u5e74\u5ea6\u62a5\u544a.pdf",
      "current_path_elapsed_seconds": 77.3,
      "markdown_pending": 21118,
      "markdown_completed": 2514,
      "artifact_rows": 5529,
      "production_workers": 1,
      "foreign_workers": 0,
      "pytest_temp_workers": 0,
      "production_supervisors": 1,
      "foreign_supervisors": 0,
      "pytest_temp_supervisors": 0,
      "production_supervisor_pids": [
        15192
      ],
      "long_running": false,
      "scan_interrupted_count": 8,
      "latest_running_scan": null,
      "operation_lock": "live",
      "operation_lock_pid": 8280,
      "operation_lock_identity_verification": "matched",
      "operation_lock_process_creation_time": 1785599879.752698,
      "operation_lock_observed_process_creation_time": 1785599879.752698,
      "last_cycle_at": 1785601813.209002,
      "last_cycle_status": "completed",
      "last_cycle_error": "LLMProviderError: mimo/mimo-v2.5-pro: \u91cd\u8bd5 3 \u6b21\u540e\u4ecd\u5931\u8d25: SDK \u8c03\u7528\u5931\u8d25: Error code: 429 - {'error': {'code': '429', 'message': 'quota exhausted', 'type': 'limitation'}}",
      "next_wake_reason": null,
      "next_wait_seconds": null,
      "last_export_progress_total": 12,
      "last_export_duration_seconds": 17.05
    },
    {
      "timestamp": 1785602441.3185377,
      "runtime_state": "running",
      "pid": 8280,
      "heartbeat_age": 3.0,
      "worker_status": "normalizing",
      "progress_current": 1,
      "progress_total": 3,
      "progress_detail": "extracting Markdown",
      "current_path": "C:\\Users\\\u90d1\u66fe\u6ce2\\Projects\\company-wiki\\companies\\\u6d3d\u6d3d\u98df\u54c1\\raw\\financial_reports\\\u6d3d\u6d3d\u98df\u54c1\uff1a2024\u5e74\u4e00\u5b63\u5ea6\u62a5\u544a.pdf",
      "current_path_elapsed_seconds": 3.0,
      "markdown_pending": 21116,
      "markdown_completed": 2517,
      "artifact_rows": 5532,
      "production_workers": 1,
      "foreign_workers": 0,
      "pytest_temp_workers": 0,
      "production_supervisors": 1,
      "foreign_supervisors": 0,
      "pytest_temp_supervisors": 0,
      "production_supervisor_pids": [
        15192
      ],
      "long_running": false,
      "scan_interrupted_count": 8,
      "latest_running_scan": null,
      "operation_lock": "live",
      "operation_lock_pid": 8280,
      "operation_lock_identity_verification": "matched",
      "operation_lock_process_creation_time": 1785599879.752698,
      "operation_lock_observed_process_creation_time": 1785599879.752698,
      "last_cycle_at": 1785602222.653188,
      "last_cycle_status": "completed",
      "last_cycle_error": "CatalogOperationLockedError: catalog operation already running: pid=11796",
      "next_wake_reason": null,
      "next_wait_seconds": null,
      "last_export_progress_total": 12,
      "last_export_duration_seconds": 17.05
    },
    {
      "timestamp": 1785602746.1310458,
      "runtime_state": "running",
      "pid": 8280,
      "heartbeat_age": 16.7,
      "worker_status": "normalizing",
      "progress_current": 1,
      "progress_total": 3,
      "progress_detail": "extracting Markdown",
      "current_path": "C:\\Users\\\u90d1\u66fe\u6ce2\\Projects\\company-wiki\\companies\\\u5965\u666e\u7279\\raw\\research\\20210617-\u534e\u6cf0\u8bc1\u5238-\u5965\u666e\u7279-688686-\u673a\u5668\u89c6\u89c9\u6838\u5fc3\u8f6f\u786c\u4ef6\u8fdb\u53e3\u66ff\u4ee3\u9886\u8dd1\u8005.pdf",
      "current_path_elapsed_seconds": 16.7,
      "markdown_pending": 21111,
      "markdown_completed": 2520,
      "artifact_rows": 5537,
      "production_workers": 1,
      "foreign_workers": 0,
      "pytest_temp_workers": 0,
      "production_supervisors": 1,
      "foreign_supervisors": 0,
      "pytest_temp_supervisors": 0,
      "production_supervisor_pids": [
        15192
      ],
      "long_running": false,
      "scan_interrupted_count": 8,
      "latest_running_scan": null,
      "operation_lock": "live",
      "operation_lock_pid": 8280,
      "operation_lock_identity_verification": "matched",
      "operation_lock_process_creation_time": 1785599879.752698,
      "operation_lock_observed_process_creation_time": 1785599879.752698,
      "last_cycle_at": 1785602439.5918202,
      "last_cycle_status": "completed",
      "last_cycle_error": "CatalogOperationLockedError: catalog operation already running: pid=11796",
      "next_wake_reason": null,
      "next_wait_seconds": null,
      "last_export_progress_total": 12,
      "last_export_duration_seconds": 17.05
    }
  ]
}
