{
  "pilot_pass": false,
  "first_failure": "throughput_below_required_threshold",
  "recommended_next_phase": "WR-6",
  "last_good_sample": {
    "timestamp": 1785597168.702415,
    "runtime_state": "running",
    "pid": 14632,
    "heartbeat_age": 1.3,
    "worker_status": "waiting",
    "progress_current": 0,
    "progress_total": 0,
    "progress_detail": "waiting for next cycle",
    "current_path": null,
    "current_path_elapsed_seconds": null,
    "markdown_pending": 21139,
    "markdown_completed": 2493,
    "artifact_rows": 5508,
    "production_workers": 1,
    "foreign_workers": 0,
    "pytest_temp_workers": 0,
    "production_supervisors": 1,
    "foreign_supervisors": 0,
    "pytest_temp_supervisors": 0,
    "production_supervisor_pids": [
      15192
    ],
    "long_running": false,
    "scan_interrupted_count": 8,
    "latest_running_scan": null,
    "operation_lock": "live",
    "last_export_progress_total": 12,
    "last_export_duration_seconds": 105.598
  },
  "duration_minutes": 44.1,
  "sample_count": 6,
  "runtime_all_running": true,
  "production_worker_count": 1,
  "production_worker_min": 1,
  "production_worker_pids": [
    14632
  ],
  "heartbeat_stale_threshold_seconds": 180,
  "raw_heartbeat_stale_count": 0,
  "heartbeat_stale_count": 0,
  "foreign_worker_max": 0,
  "pytest_temp_worker_max": 0,
  "supervisor_required": true,
  "production_supervisor_min": 1,
  "production_supervisor_max": 1,
  "production_supervisor_pids": [
    15192
  ],
  "foreign_supervisor_max": 0,
  "pytest_temp_supervisor_max": 0,
  "pending_start": 21139,
  "pending_end": 21139,
  "pending_delta": 0,
  "normalized_start": 2493,
  "normalized_end": 2493,
  "normalized_delta": 0,
  "minimum_normalized_delta": 15,
  "artifact_start": 5508,
  "artifact_end": 5508,
  "artifact_delta": 0,
  "progress_required": true,
  "progress_observed": false,
  "throughput_pass": false,
  "required_export_progress_total": null,
  "export_progress_totals_observed": [
    12
  ],
  "export_progress_contract_observed": true,
  "scan_enumeration_sample_count": 0,
  "scan_enumeration_running_visible": false,
  "visible_scan_enumeration_required": false,
  "same_path_max_seconds": 0.0,
  "same_path_limit_seconds": 900,
  "scan_interrupted_delta": 0,
  "db_quick_check": "ok",
  "db_quick_check_elapsed_seconds": 804.0,
  "raw_samples": [
    "companies\\SHEIN\\raw\\research\\20210727-\u5f00\u6e90\u8bc1\u5238-\u7eba\u7ec7\u670d\u88c5\u884c\u4e1a\uff1a\u654f\u6377\u4f9b\u5e94\u94fe\u4e0e\u6570\u5b57\u5316\u8fd0\u8425\u4e0b\u7684SHEIN\u6a21\u5f0f\u89e3\u6790.pdf",
    "companies\\SHEIN\\raw\\research\\20211214-\u4e2d\u6cf0\u8bc1\u5238-\u4e92\u8054\u7f51\u884c\u4e1a\u54c1\u724c\u51fa\u6d77\u7cfb\u5217\u6df1\u5ea6\u00b7SheIn\u7bc7\uff1a\u75be\u5982\u98ce\uff0c\u5f90\u5982\u6797.pdf",
    "companies\\SHEIN\\raw\\research\\20221009-\u62db\u5546\u8bc1\u5238-\u53ef\u9009\u6d88\u8d39\u884c\u4e1aSHEIN\u6df1\u5ea6\u62a5\u544a\uff1a\u4f9b\u5e94\u94fe&\u6d41\u91cf\u4e3a\u6838\uff0c\u5feb\u65f6\u5c1a\u8de8\u5883\u5de8\u5934\u539a\u79ef\u8584\u53d1.pdf",
    "companies\\\u4e03\u4e00\u4e8c\\raw\\financial_reports\\\u4e03\u4e00\u4e8c\uff1a2017\u5e74\u5e74\u5ea6\u62a5\u544a.pdf",
    "companies\\\u4e03\u4e00\u4e8c\\raw\\financial_reports\\\u4e03\u4e00\u4e8c\uff1a2018\u5e74\u534a\u5e74\u5ea6\u62a5\u544a.pdf"
  ],
  "raw_sample_unchanged": true,
  "stockwiki_writes": 0,
  "stockwiki_write_check": "path/size/mtime metadata snapshot",
  "stockwiki_unchanged": true,
  "stockwiki_files": 4123,
  "samples": [
    {
      "timestamp": 1785595647.1517224,
      "runtime_state": "running",
      "pid": 14632,
      "heartbeat_age": 4.5,
      "worker_status": "waiting",
      "progress_current": 0,
      "progress_total": 0,
      "progress_detail": null,
      "current_path": null,
      "current_path_elapsed_seconds": null,
      "markdown_pending": 21139,
      "markdown_completed": 2493,
      "artifact_rows": 5508,
      "production_workers": 1,
      "foreign_workers": 0,
      "pytest_temp_workers": 0,
      "production_supervisors": 1,
      "foreign_supervisors": 0,
      "pytest_temp_supervisors": 0,
      "production_supervisor_pids": [
        15192
      ],
      "long_running": false,
      "scan_interrupted_count": 8,
      "latest_running_scan": null,
      "operation_lock": "live",
      "last_export_progress_total": 12,
      "last_export_duration_seconds": 105.598
    },
    {
      "timestamp": 1785595956.2557318,
      "runtime_state": "running",
      "pid": 14632,
      "heartbeat_age": 10.1,
      "worker_status": "waiting",
      "progress_current": 0,
      "progress_total": 0,
      "progress_detail": null,
      "current_path": null,
      "current_path_elapsed_seconds": null,
      "markdown_pending": 21139,
      "markdown_completed": 2493,
      "artifact_rows": 5508,
      "production_workers": 1,
      "foreign_workers": 0,
      "pytest_temp_workers": 0,
      "production_supervisors": 1,
      "foreign_supervisors": 0,
      "pytest_temp_supervisors": 0,
      "production_supervisor_pids": [
        15192
      ],
      "long_running": false,
      "scan_interrupted_count": 8,
      "latest_running_scan": null,
      "operation_lock": "live",
      "last_export_progress_total": 12,
      "last_export_duration_seconds": 105.598
    },
    {
      "timestamp": 1785596258.339547,
      "runtime_state": "running",
      "pid": 14632,
      "heartbeat_age": 10.4,
      "worker_status": "waiting",
      "progress_current": 0,
      "progress_total": 0,
      "progress_detail": null,
      "current_path": null,
      "current_path_elapsed_seconds": null,
      "markdown_pending": 21139,
      "markdown_completed": 2493,
      "artifact_rows": 5508,
      "production_workers": 1,
      "foreign_workers": 0,
      "pytest_temp_workers": 0,
      "production_supervisors": 1,
      "foreign_supervisors": 0,
      "pytest_temp_supervisors": 0,
      "production_supervisor_pids": [
        15192
      ],
      "long_running": false,
      "scan_interrupted_count": 8,
      "latest_running_scan": null,
      "operation_lock": "live",
      "last_export_progress_total": 12,
      "last_export_duration_seconds": 105.598
    },
    {
      "timestamp": 1785596561.1871762,
      "runtime_state": "running",
      "pid": 14632,
      "heartbeat_age": 8.4,
      "worker_status": "waiting",
      "progress_current": 0,
      "progress_total": 0,
      "progress_detail": null,
      "current_path": null,
      "current_path_elapsed_seconds": null,
      "markdown_pending": 21139,
      "markdown_completed": 2493,
      "artifact_rows": 5508,
      "production_workers": 1,
      "foreign_workers": 0,
      "pytest_temp_workers": 0,
      "production_supervisors": 1,
      "foreign_supervisors": 0,
      "pytest_temp_supervisors": 0,
      "production_supervisor_pids": [
        15192
      ],
      "long_running": false,
      "scan_interrupted_count": 8,
      "latest_running_scan": null,
      "operation_lock": "live",
      "last_export_progress_total": 12,
      "last_export_duration_seconds": 105.598
    },
    {
      "timestamp": 1785596866.0900142,
      "runtime_state": "running",
      "pid": 14632,
      "heartbeat_age": 10.0,
      "worker_status": "waiting",
      "progress_current": 0,
      "progress_total": 0,
      "progress_detail": null,
      "current_path": null,
      "current_path_elapsed_seconds": null,
      "markdown_pending": 21139,
      "markdown_completed": 2493,
      "artifact_rows": 5508,
      "production_workers": 1,
      "foreign_workers": 0,
      "pytest_temp_workers": 0,
      "production_supervisors": 1,
      "foreign_supervisors": 0,
      "pytest_temp_supervisors": 0,
      "production_supervisor_pids": [
        15192
      ],
      "long_running": false,
      "scan_interrupted_count": 8,
      "latest_running_scan": null,
      "operation_lock": "live",
      "last_export_progress_total": 12,
      "last_export_duration_seconds": 105.598
    },
    {
      "timestamp": 1785597168.702415,
      "runtime_state": "running",
      "pid": 14632,
      "heartbeat_age": 1.3,
      "worker_status": "waiting",
      "progress_current": 0,
      "progress_total": 0,
      "progress_detail": "waiting for next cycle",
      "current_path": null,
      "current_path_elapsed_seconds": null,
      "markdown_pending": 21139,
      "markdown_completed": 2493,
      "artifact_rows": 5508,
      "production_workers": 1,
      "foreign_workers": 0,
      "pytest_temp_workers": 0,
      "production_supervisors": 1,
      "foreign_supervisors": 0,
      "pytest_temp_supervisors": 0,
      "production_supervisor_pids": [
        15192
      ],
      "long_running": false,
      "scan_interrupted_count": 8,
      "latest_running_scan": null,
      "operation_lock": "live",
      "last_export_progress_total": 12,
      "last_export_duration_seconds": 105.598
    }
  ]
}
