............................F........................................... [ 81%]
................                                                         [100%]
================================== FAILURES ===================================
_____________________ test_daily_ci_runs_one_shared_gate ______________________
tests\test_ci_smoke_plan.py:22: in test_daily_ci_runs_one_shared_gate
    workflow = yaml.safe_load((ROOT / ".github/workflows/quality.yml").read_text(encoding="utf-8"))
                              ^^^^^^^^^^^^^^^^^^^^^^^^^^^^^^^^^^^^^^^^^^^^^^^^^^^^^^^^^^^^^^^^^^^^
C:\Miniconda\Lib\pathlib\_local.py:546: in read_text
    return PathBase.read_text(self, encoding, errors, newline)
           ^^^^^^^^^^^^^^^^^^^^^^^^^^^^^^^^^^^^^^^^^^^^^^^^^^^
C:\Miniconda\Lib\pathlib\_abc.py:632: in read_text
    with self.open(mode='r', encoding=encoding, errors=errors, newline=newline) as f:
         ^^^^^^^^^^^^^^^^^^^^^^^^^^^^^^^^^^^^^^^^^^^^^^^^^^^^^^^^^^^^^^^^^^^^^^
C:\Miniconda\Lib\pathlib\_local.py:537: in open
    return io.open(self, mode, buffering, encoding, errors, newline)
           ^^^^^^^^^^^^^^^^^^^^^^^^^^^^^^^^^^^^^^^^^^^^^^^^^^^^^^^^^
E   FileNotFoundError: [Errno 2] No such file or directory: 'C:\\Users\\郑曾波\\AppData\\Local\\Temp\\rf-fresh-dag-20261009\\.github\\workflows\\quality.yml'
=========================== short test summary info ===========================
FAILED tests/test_ci_smoke_plan.py::test_daily_ci_runs_one_shared_gate - File...
1 failed, 87 passed in 25.54s
