============================= test session starts =============================
platform win32 -- Python 3.13.9, pytest-9.0.1, pluggy-1.5.0
benchmark: 5.2.3 (defaults: timer=time.perf_counter disable_gc=False min_rounds=5 min_time=0.000005 max_time=1.0 calibration_precision=10 warmup=False warmup_iterations=100000)
rootdir: C:\Users\Ö£Ôø²¨\Projects\company-wiki
configfile: pytest.ini
plugins: anyio-4.13.0, Faker-40.19.1, asyncio-1.3.0, base-url-2.1.0, benchmark-5.2.3, cov-7.0.0, html-4.1.1, metadata-3.1.1, mock-3.15.1, playwright-0.7.2, xdist-3.8.0
asyncio: mode=Mode.AUTO, debug=False, asyncio_default_fixture_loop_scope=None, asyncio_default_test_loop_scope=function
collected 387 items

tests\contract\test_source_catalog_acquisition.py .....                  [  1%]
tests\contract\test_source_catalog_adapter_process.py ....               [  2%]
tests\contract\test_source_catalog_artifact_reconciliation.py .........  [  4%]
tests\contract\test_source_catalog_background_reliability.py ........    [  6%]
tests\contract\test_source_catalog_canonical_writer.py ......            [  8%]
tests\contract\test_source_catalog_classification.py ................... [ 13%]
........                                                                 [ 15%]
tests\contract\test_source_catalog_cn_stockinfo_e2e.py .......           [ 17%]
tests\contract\test_source_catalog_code_identity.py .                    [ 17%]
tests\contract\test_source_catalog_cold_start.py ..........              [ 19%]
tests\contract\test_source_catalog_control.py .......................... [ 26%]
....                                                                     [ 27%]
tests\contract\test_source_catalog_dayu_cli_adapter.py ....              [ 28%]
tests\contract\test_source_catalog_download_suppression.py ...           [ 29%]
tests\contract\test_source_catalog_duplicate_cleanup.py .......          [ 31%]
tests\contract\test_source_catalog_evidence_query.py .........           [ 33%]
tests\contract\test_source_catalog_export_index.py ..                    [ 34%]
tests\contract\test_source_catalog_extraction_quality.py ............    [ 37%]
tests\contract\test_source_catalog_focus_admission.py ...............    [ 41%]
tests\contract\test_source_catalog_focus_cleanup.py .......              [ 42%]
tests\contract\test_source_catalog_identity_resolver.py ..........       [ 45%]
tests\contract\test_source_catalog_long_running_observable.py .....      [ 46%]
tests\contract\test_source_catalog_operation_lock.py .........           [ 49%]
tests\contract\test_source_catalog_parser_liveness.py .................. [ 53%]
                                                                         [ 53%]
tests\contract\test_source_catalog_pdf_page_aware.py .....               [ 55%]
tests\contract\test_source_catalog_pilot_receipt.py ...................  [ 59%]
tests\contract\test_source_catalog_pipeline.py ..............            [ 63%]
tests\contract\test_source_catalog_placeholder_governance.py ...         [ 64%]
tests\contract\test_source_catalog_process_inventory.py ................ [ 68%]
                                                                         [ 68%]
tests\contract\test_source_catalog_resolver.py .........                 [ 70%]
tests\contract\test_source_catalog_retire.py ......                      [ 72%]
tests\contract\test_source_catalog_scheduler_policy.py ..........        [ 74%]
tests\contract\test_source_catalog_schema_migration.py .......           [ 76%]
tests\contract\test_source_catalog_security_identity.py .........        [ 79%]
tests\contract\test_source_catalog_semantic_duplicates.py ......         [ 80%]
tests\contract\test_source_catalog_temp_worker_governance.py .....       [ 81%]
tests\contract\test_source_catalog_text_fingerprint.py ......            [ 83%]
tests\contract\test_source_catalog_url_enrichment.py .....               [ 84%]
tests\contract\test_source_catalog_worker.py ........................... [ 91%]
........                                                                 [ 93%]
tests\contract\test_source_catalog_worker_bootstrap.py ................. [ 98%]
.......                                                                  [100%]

======================= 387 passed in 171.41s (0:02:51) =======================
EXIT=0
