{
  "stage": "actual_parent_owned_dayu_cli_offline",
  "results": [
    {
      "mode": "gzip",
      "status": "PASS",
      "outcome": "original_staged",
      "source_sha256": "70de41eb0ae4468e6c1ea6014dff0db8fcad8ffc4c4238d356e45a22cb740ddb",
      "mime": "text/html",
      "entity_bytes": 314,
      "wire_bytes": 159,
      "cost_usd": "0",
      "wire_usage_complete": true,
      "command": [
        "C:\\Miniconda\\python.exe",
        "-X",
        "utf8",
        "-B",
        "C:\\Users\\郑曾波\\Projects\\company-wiki\\.tmp\\http-independent-remediated-6cc9959-20261009\\offline_dayu_child.py",
        "gzip",
        "--market",
        "US",
        "--adapter-name",
        "review-dayu",
        "--adapter-version",
        "1.0.0",
        "--provider-state-root",
        "C:\\Users\\郑曾波\\Projects\\company-wiki\\.tmp\\http-independent-remediated-6cc9959-20261009\\state-semver-gzip"
      ]
    },
    {
      "mode": "deflate",
      "status": "PASS",
      "outcome": "original_staged",
      "source_sha256": "70de41eb0ae4468e6c1ea6014dff0db8fcad8ffc4c4238d356e45a22cb740ddb",
      "mime": "text/html",
      "entity_bytes": 314,
      "wire_bytes": 147,
      "cost_usd": "0",
      "wire_usage_complete": true,
      "command": [
        "C:\\Miniconda\\python.exe",
        "-X",
        "utf8",
        "-B",
        "C:\\Users\\郑曾波\\Projects\\company-wiki\\.tmp\\http-independent-remediated-6cc9959-20261009\\offline_dayu_child.py",
        "deflate",
        "--market",
        "US",
        "--adapter-name",
        "review-dayu",
        "--adapter-version",
        "1.0.0",
        "--provider-state-root",
        "C:\\Users\\郑曾波\\Projects\\company-wiki\\.tmp\\http-independent-remediated-6cc9959-20261009\\state-semver-deflate"
      ]
    },
    {
      "mode": "raw-deflate",
      "status": "PASS",
      "outcome": "original_staged",
      "source_sha256": "70de41eb0ae4468e6c1ea6014dff0db8fcad8ffc4c4238d356e45a22cb740ddb",
      "mime": "text/html",
      "entity_bytes": 314,
      "wire_bytes": 141,
      "cost_usd": "0",
      "wire_usage_complete": true,
      "command": [
        "C:\\Miniconda\\python.exe",
        "-X",
        "utf8",
        "-B",
        "C:\\Users\\郑曾波\\Projects\\company-wiki\\.tmp\\http-independent-remediated-6cc9959-20261009\\offline_dayu_child.py",
        "raw-deflate",
        "--market",
        "US",
        "--adapter-name",
        "review-dayu",
        "--adapter-version",
        "1.0.0",
        "--provider-state-root",
        "C:\\Users\\郑曾波\\Projects\\company-wiki\\.tmp\\http-independent-remediated-6cc9959-20261009\\state-semver-raw-deflate"
      ]
    },
    {
      "mode": "truncated",
      "status": "PASS",
      "outcome": "expected_refusal",
      "error_code": "incomplete_response",
      "usage_complete": true,
      "entity_bytes": 314,
      "wire_bytes": 158,
      "cost_usd": "0",
      "wire_usage_complete": true,
      "command": [
        "C:\\Miniconda\\python.exe",
        "-X",
        "utf8",
        "-B",
        "C:\\Users\\郑曾波\\Projects\\company-wiki\\.tmp\\http-independent-remediated-6cc9959-20261009\\offline_dayu_child.py",
        "truncated",
        "--market",
        "US",
        "--adapter-name",
        "review-dayu",
        "--adapter-version",
        "1.0.0",
        "--provider-state-root",
        "C:\\Users\\郑曾波\\Projects\\company-wiki\\.tmp\\http-independent-remediated-6cc9959-20261009\\state-semver-truncated"
      ]
    },
    {
      "mode": "wrong-year",
      "status": "PASS",
      "outcome": "expected_refusal",
      "error_code": "fiscal_period_unresolved",
      "usage_complete": true,
      "entity_bytes": 314,
      "wire_bytes": 158,
      "cost_usd": "0",
      "wire_usage_complete": true,
      "command": [
        "C:\\Miniconda\\python.exe",
        "-X",
        "utf8",
        "-B",
        "C:\\Users\\郑曾波\\Projects\\company-wiki\\.tmp\\http-independent-remediated-6cc9959-20261009\\offline_dayu_child.py",
        "wrong-year",
        "--market",
        "US",
        "--adapter-name",
        "review-dayu",
        "--adapter-version",
        "1.0.0",
        "--provider-state-root",
        "C:\\Users\\郑曾波\\Projects\\company-wiki\\.tmp\\http-independent-remediated-6cc9959-20261009\\state-semver-wrong-year"
      ]
    }
  ],
  "elapsed_seconds": 5.282,
  "external_requests": 0,
  "model_calls": 0,
  "real_dayu_imported": false,
  "real_cwp_parent_child_protocol_executed": true,
  "mock_provider": true
}
