CW-BASETEMP-DECISION {"event": "decision", "requested_basetemp": "C:\\Users\\\u90d1\u66fe\u6ce2\\AppData\\Local\\Temp\\cwp-cli-red-detail-k20vi_xd\\pytest", "requested_basetemp_len": 66, "cwd_len": 65, "threshold": 60, "win32_path_limit": 210, "generation_reserve": 150, "relocated": true, "reason": "resolved-basetemp-exceeds-budget", "effective_basetemp": "C:\\Users\\\u90d1\u66fe\u6ce2\\AppData\\Local\\Temp\\cw-pytest-basetemp\\20261010-220703-741d07b7", "effective_basetemp_len": 75}
F                                                                        [100%]
================================== FAILURES ===================================
_ test_public_mixed_batch_has_real_three_job_flow_resume_reuse_refresh_and_restores_originals _

tmp_path = WindowsPath('C:/Users/郑曾波/AppData/Local/Temp/cw-pytest-basetemp/20261010-220703-741d07b7/test_public_mixed_batch_has_re0')
official_json_loopback_model = namespace(requests=[], errors=[], endpoint='http://127.0.0.1:64838/v1/chat/completions')

    def test_public_mixed_batch_has_real_three_job_flow_resume_reuse_refresh_and_restores_originals(
        tmp_path, official_json_loopback_model
    ):
        server = official_json_loopback_model
        with official_batch_state(tmp_path) as state:
            path = request_for(state, server.endpoint, "mixed-first")
            process, first = invoke_batch(state, path, "mixed-first")
>           assert process.returncode == 0 and first["status"] == "completed", (
                first,
                process.stderr,
            )
E           AssertionError: ({'budget': {'estimated_micro_usd': 0, 'tokens': 0, 'unknown_reservations': 0, 'unsettled_reservations': 0}, 'error': ...6fa7e4a7485d8396b2c944a7601793102be1a82f3da3d91217d338e322f8', 'kind': 'raw', ...}], 'run_id': 'mixed-first', ...}, '')
E           assert (1 == 0)
E            +  where 1 = CompletedProcess(args=['C:\\Miniconda\\python.exe', '-B', '-m', 'company_wiki.automation.narrative_batch_cli', '--proj...status":"failed"}],"run_id":"mixed-first","schema_version":"narrative-batch-result/2","status":"failed"}\n', stderr='').returncode

tests\integration\test_official_json_batch_e2e.py:156: AssertionError
---------------------------- Captured stdout call -----------------------------
OFFICIAL-CLI-FAILURE {"exit_code": 1, "error": "NARRATIVE_BATCH_TypeError", "status": "failed", "items": [{"item_key": "urn:company-wiki:source-projection:sha256:8947fe14c922259cbf69209c9ddbadcf9b45a1f167bf437b181ec5405b999809", "status": "failed", "errors": ["NARRATIVE_BATCH_TypeError"]}, {"item_key": "urn:company-wiki:source-projection:sha256:e4fa826a55594e80604785aae363b99cb28907f7bd5ccdd63eac73b506a0334a", "status": "failed", "errors": ["NARRATIVE_BATCH_TypeError"]}, {"item_key": "urn:company-wiki:document:sha256:c75f6fa7e4a7485d8396b2c944a7601793102be1a82f3da3d91217d338e322f8", "status": "failed", "errors": ["NARRATIVE_BATCH_TypeError"]}], "budget": {"estimated_micro_usd": 0, "tokens": 0, "unknown_reservations": 0, "unsettled_reservations": 0}}
=========================== short test summary info ===========================
FAILED tests/integration/test_official_json_batch_e2e.py::test_public_mixed_batch_has_real_three_job_flow_resume_reuse_refresh_and_restores_originals
1 failed, 3 deselected in 4.34s
CW-BASETEMP-CLEANUP {"event": "cleanup", "dir": "C:\\Users\\\u90d1\u66fe\u6ce2\\AppData\\Local\\Temp\\cw-pytest-basetemp\\20261010-220703-741d07b7", "existed": true, "removed": true}
