CW-BASETEMP-DECISION {"event": "decision", "requested_basetemp": "C:\\Users\\\u90d1\u66fe\u6ce2\\AppData\\Local\\Temp\\cwp-mixed-cli-node02-p_uuu1g0\\pytest", "requested_basetemp_len": 68, "cwd_len": 65, "threshold": 60, "win32_path_limit": 210, "generation_reserve": 150, "relocated": true, "reason": "resolved-basetemp-exceeds-budget", "effective_basetemp": "C:\\Users\\\u90d1\u66fe\u6ce2\\AppData\\Local\\Temp\\cw-pytest-basetemp\\20261010-222538-34b3ef78", "effective_basetemp_len": 75}
F...F                                                                    [100%]
================================== FAILURES ===================================
_ test_public_mixed_batch_has_real_three_job_flow_resume_reuse_refresh_and_restores_originals _

tmp_path = WindowsPath('C:/Users/郑曾波/AppData/Local/Temp/cw-pytest-basetemp/20261010-222538-34b3ef78/test_public_mixed_batch_has_re0')
official_json_loopback_model = namespace(requests=[{'default_quality_flags': [], 'default_source_role': 'management', 'evidence': [['e1', '公司新产品完成客户验...3b506a0334a', 'title': 'offline-batch-fixture:42'}}], errors=[], endpoint='http://127.0.0.1:49566/v1/chat/completions')

    def test_public_mixed_batch_has_real_three_job_flow_resume_reuse_refresh_and_restores_originals(
        tmp_path, official_json_loopback_model
    ):
        server = official_json_loopback_model
        with official_batch_state(tmp_path) as state:
            path = request_for(state, server.endpoint, "mixed-first")
            process, first = invoke_batch(state, path, "mixed-first")
>           assert process.returncode == 0 and first["status"] == "completed", (
                first,
                process.stderr,
            )
E           AssertionError: ({'budget': {'estimated_micro_usd': 333, 'tokens': 276, 'unknown_reservations': 0, 'unsettled_reservations': 0}, 'erro...6fa7e4a7485d8396b2c944a7601793102be1a82f3da3d91217d338e322f8', 'kind': 'raw', ...}], 'run_id': 'mixed-first', ...}, '')
E           assert (1 == 0)
E            +  where 1 = CompletedProcess(args=['C:\\Miniconda\\python.exe', '-B', '-m', 'company_wiki.automation.narrative_batch_cli', '--proj...status":"failed"}],"run_id":"mixed-first","schema_version":"narrative-batch-result/2","status":"failed"}\n', stderr='').returncode

tests\integration\test_official_json_batch_e2e.py:156: AssertionError
---------------------------- Captured stdout call -----------------------------
OFFICIAL-CLI-FAILURE {"exit_code": 1, "error": "NARRATIVE_BATCH_IntegrityViolationError", "status": "failed", "items": [{"item_key": "urn:company-wiki:source-projection:sha256:8947fe14c922259cbf69209c9ddbadcf9b45a1f167bf437b181ec5405b999809", "status": "failed", "errors": ["NARRATIVE_BATCH_IntegrityViolationError"]}, {"item_key": "urn:company-wiki:source-projection:sha256:e4fa826a55594e80604785aae363b99cb28907f7bd5ccdd63eac73b506a0334a", "status": "failed", "errors": ["NARRATIVE_BATCH_IntegrityViolationError"]}, {"item_key": "urn:company-wiki:document:sha256:c75f6fa7e4a7485d8396b2c944a7601793102be1a82f3da3d91217d338e322f8", "status": "failed", "errors": ["NARRATIVE_BATCH_IntegrityViolationError"]}], "budget": {"estimated_micro_usd": 333, "tokens": 276, "unknown_reservations": 0, "unsettled_reservations": 0}}
_ test_mixed_batch_only_missing_items_pay_and_keeps_preexisting_projection_pin _

tmp_path = WindowsPath('C:/Users/郑曾波/AppData/Local/Temp/cw-pytest-basetemp/20261010-222538-34b3ef78/test_mixed_batch_only_missing_0')
official_json_loopback_model = namespace(requests=[{'default_quality_flags': [], 'default_source_role': 'management', 'evidence': [['e1', '公司新产品完成客户验...5405b999809', 'title': 'offline-batch-fixture:42'}}], errors=[], endpoint='http://127.0.0.1:49590/v1/chat/completions')

    def test_mixed_batch_only_missing_items_pay_and_keeps_preexisting_projection_pin(
        tmp_path, official_json_loopback_model
    ):
        server = official_json_loopback_model
        with official_batch_state(tmp_path) as state:
            a, b = state.subjects
            only_a = [
                {
                    "kind": "official_json",
                    "projection_id": a.item_key,
                    "projection_sha256": a.subject_sha256,
                }
            ]
            first_path = request_for(
                state, server.endpoint, "only-projection-a", items=only_a
            )
            first_process, first = invoke_batch(state, first_path, "only-projection-a")
>           assert first_process.returncode == 0 and first["status"] == "completed", first
E           AssertionError: {'budget': {'estimated_micro_usd': 111, 'tokens': 92, 'unknown_reservations': 0, 'unsettled_reservations': 0}, 'error'...cbf69209c9ddbadcf9b45a1f167bf437b181ec5405b999809', 'kind': 'official_json', ...}], 'run_id': 'only-projection-a', ...}
E           assert (1 == 0)
E            +  where 1 = CompletedProcess(args=['C:\\Miniconda\\python.exe', '-B', '-m', 'company_wiki.automation.narrative_batch_cli', '--proj...":"failed"}],"run_id":"only-projection-a","schema_version":"narrative-batch-result/2","status":"failed"}\n', stderr='').returncode

tests\integration\test_official_json_batch_e2e.py:280: AssertionError
---------------------------- Captured stdout call -----------------------------
OFFICIAL-CLI-FAILURE {"exit_code": 1, "error": "NARRATIVE_BATCH_IntegrityViolationError", "status": "failed", "items": [{"item_key": "urn:company-wiki:source-projection:sha256:8947fe14c922259cbf69209c9ddbadcf9b45a1f167bf437b181ec5405b999809", "status": "failed", "errors": ["NARRATIVE_BATCH_IntegrityViolationError"]}], "budget": {"estimated_micro_usd": 111, "tokens": 92, "unknown_reservations": 0, "unsettled_reservations": 0}}
=========================== short test summary info ===========================
FAILED tests/integration/test_official_json_batch_e2e.py::test_public_mixed_batch_has_real_three_job_flow_resume_reuse_refresh_and_restores_originals
FAILED tests/integration/test_official_json_batch_e2e.py::test_mixed_batch_only_missing_items_pay_and_keeps_preexisting_projection_pin
2 failed, 3 passed in 17.00s
CW-BASETEMP-CLEANUP {"event": "cleanup", "dir": "C:\\Users\\\u90d1\u66fe\u6ce2\\AppData\\Local\\Temp\\cw-pytest-basetemp\\20261010-222538-34b3ef78", "existed": true, "removed": true}
