Merge made by the 'ort' strategy.
 .planning/m3-acceptance-json-fixes/ACCEPTANCE.md   |  52 ++
 .../green-responsibility.log                       |  20 +
 .../m3-acceptance-json-fixes/green-restored.log    |  21 +
 .planning/m3-acceptance-json-fixes/green.log       |  14 +
 .planning/m3-acceptance-json-fixes/mypy-final.log  |   1 +
 .planning/m3-acceptance-json-fixes/mypy.log        |   2 +
 .planning/m3-acceptance-json-fixes/numeric-red.log |  55 ++
 .../pagination-final-responsibility.log            |  21 +
 .../m3-acceptance-json-fixes/pagination-mypy.log   |   1 +
 .../pagination-numeric-green.log                   |  14 +
 .../m3-acceptance-json-fixes/pagination-red.log    |  46 ++
 .../m3-acceptance-json-fixes/pagination-ruff.log   |   1 +
 .../pagination-verification.json                   |  77 ++
 .../red-with-container-sha.log                     | 159 ++++
 .planning/m3-acceptance-json-fixes/red.log         | 118 +++
 .planning/m3-acceptance-json-fixes/ruff-final.log  |   1 +
 .planning/m3-acceptance-json-fixes/ruff.log        |   1 +
 .../m3-acceptance-json-fixes/verification.json     |  75 ++
 .planning/m3-acceptance-main/ACCEPTANCE.md         |  11 +
 .planning/m3-acceptance-usage-fixes/ACCEPTANCE.md  |  43 +
 .../acceptance-source-snapshot.json                |  89 +++
 .../green-company-wiki.json                        |  36 +
 .../green-company-wiki.log                         |  25 +
 .../green-ff-primary-control.json                  |  22 +
 .../green-ff-primary-control.log                   |   2 +
 .../green-filing-fetch.json                        |  28 +
 .../green-filing-fetch.log                         |   2 +
 .../green-final-company-wiki.json                  |  34 +
 .../green-final-company-wiki.log                   |  26 +
 .../green-final-filing-fetch.json                  |  25 +
 .../green-final-filing-fetch.log                   |   2 +
 .../green-public-usage-e2e.json                    |  27 +
 .../green-public-usage-e2e.log                     |   2 +
 .../green-revenue-forecast.json                    |  28 +
 .../green-revenue-forecast.log                     |   3 +
 .../green-v2-company-wiki.json                     |  34 +
 .../green-v2-company-wiki.log                      |  26 +
 .../green-v2-public-usage-e2e.json                 |  27 +
 .../green-v2-public-usage-e2e.log                  |   2 +
 .../mypy-owned-runtime.json                        |  21 +
 .../mypy-owned-runtime.log                         |  15 +
 .../public_e2e_logs/cn_download.argv.json          |  25 +
 .../public_e2e_logs/cn_download.stderr.txt         |   0
 .../public_e2e_logs/cn_download.stdout.txt         | 157 ++++
 .../public_e2e_logs/us_download.argv.json          |  26 +
 .../public_e2e_logs/us_download.stderr.txt         |   0
 .../public_e2e_logs/us_download.stdout.txt         | 157 ++++
 .../public_e2e_logs/us_hard_failure.argv.json      |  26 +
 .../public_e2e_logs/us_hard_failure.stderr.txt     |   1 +
 .../public_e2e_logs/us_hard_failure.stdout.txt     |   0
 .../public_e2e_logs/us_missing.argv.json           |  26 +
 .../public_e2e_logs/us_missing.stderr.txt          |   1 +
 .../public_e2e_logs/us_missing.stdout.txt          |   0
 .../public_e2e_logs/us_reuse.argv.json             |  26 +
 .../public_e2e_logs/us_reuse.stderr.txt            |   0
 .../public_e2e_logs/us_reuse.stdout.txt            | 152 ++++
 .../public_e2e_logs_v2/cn_download.argv.json       |  25 +
 .../public_e2e_logs_v2/cn_download.stderr.txt      |   0
 .../public_e2e_logs_v2/cn_download.stdout.txt      | 157 ++++
 .../public_e2e_logs_v2/us_download.argv.json       |  26 +
 .../public_e2e_logs_v2/us_download.stderr.txt      |   0
 .../public_e2e_logs_v2/us_download.stdout.txt      | 157 ++++
 .../public_e2e_logs_v2/us_hard_failure.argv.json   |  26 +
 .../public_e2e_logs_v2/us_hard_failure.stderr.txt  |   1 +
 .../public_e2e_logs_v2/us_hard_failure.stdout.txt  |   0
 .../public_e2e_logs_v2/us_missing.argv.json        |  26 +
 .../public_e2e_logs_v2/us_missing.stderr.txt       |   1 +
 .../public_e2e_logs_v2/us_missing.stdout.txt       |   0
 .../public_e2e_logs_v2/us_reuse.argv.json          |  26 +
 .../public_e2e_logs_v2/us_reuse.stderr.txt         |   0
 .../public_e2e_logs_v2/us_reuse.stdout.txt         | 152 ++++
 .../m3-acceptance-usage-fixes/red-company-wiki.log | 113 +++
 .../m3-acceptance-usage-fixes/red-filing-fetch.log |  60 ++
 .../red-http-observations.log                      |  25 +
 .../red-legacy-certainty.log                       |  26 +
 .../red-public-hard-failure-fixture.log            | 189 +++++
 .../red-revenue-forecast.log                       |  60 ++
 .planning/m3-acquisition-usage-20261010/HANDOFF.md | 124 +++
 .../INTERFACE_CHANGE.md                            | 165 ++++
 .../apply_fetch_filing.py                          |  99 +++
 .../apply_ff_green.py                              | 370 +++++++++
 .../apply_rf_green.py                              | 247 ++++++
 .../cwp_responsibility_regression.log              |  24 +
 .../e2e_logs/cn_download.argv.json                 |  25 +
 .../e2e_logs/cn_download.stderr.txt                |   0
 .../e2e_logs/cn_download.stdout.txt                | 157 ++++
 .../e2e_logs/us_download.argv.json                 |  26 +
 .../e2e_logs/us_download.stderr.txt                |   0
 .../e2e_logs/us_download.stdout.txt                | 157 ++++
 .../e2e_logs/us_missing.argv.json                  |  26 +
 .../e2e_logs/us_missing.stderr.txt                 |   1 +
 .../e2e_logs/us_missing.stdout.txt                 |   0
 .../e2e_logs/us_reuse.argv.json                    |  26 +
 .../e2e_logs/us_reuse.stderr.txt                   |   0
 .../e2e_logs/us_reuse.stdout.txt                   | 152 ++++
 .../exact_ci_observation.json                      |  37 +
 .../ff_responsibility_regression.log               |   4 +
 .../m3-acquisition-usage-20261010/findings.md      |  40 +
 .../green_cwp_final.log                            |  24 +
 .../green_e2e_final.log                            |   2 +
 .../green_ff_final.log                             |   4 +
 .../green_rf_final.log                             |   4 +
 .../m3-acquisition-usage-20261010/handoff.json     | 441 +++++++++++
 .../m3-acquisition-usage-20261010/make_handoff.py  | 232 ++++++
 .../m3-acquisition-usage-20261010/progress.md      |  55 ++
 .../red_cwp_integration.log                        |  69 ++
 .../red_ff_projection.log                          | 551 +++++++++++++
 .../red_rf_projection.log                          | 322 ++++++++
 .../restore_receipt.json                           |  55 ++
 .../rf_responsibility_regression.log               |   4 +
 .../runtime_file_closure.json                      | 125 +++
 .../m3-acquisition-usage-20261010/task_plan.md     |  70 ++
 .planning/m3-official-json-20261010/HANDOFF.md     | 105 +++
 .../m3-official-json-20261010/INTERFACE_CHANGE.md  |  69 ++
 .../m3-official-json-20261010/baseline_shas.txt    |   2 +
 .../m3-official-json-20261010/build_handoff.py     | 254 ++++++
 .planning/m3-official-json-20261010/findings.md    |  52 ++
 .planning/m3-official-json-20261010/handoff.json   | 556 +++++++++++++
 .../logs/green_contract_layout.log                 |  14 +
 .../logs/green_final_all.log                       |  18 +
 .../logs/green_integration_chain.log               |  17 +
 .../logs/green_regression_related.log              |  22 +
 .../logs/green_unit_parser.log                     |  14 +
 .../logs/normal-commit.log                         |   0
 .../logs/normal-commit2.log                        |  11 +
 .../m3-official-json-20261010/logs/normal-push.log |  13 +
 .../logs/red_contract_layout.log                   |   8 +
 .../logs/red_integration_chain.log                 |   8 +
 .../logs/red_public_cli_import.log                 |   4 +
 .../logs/red_unit_parser.log                       |  15 +
 .../logs/static_mypy_changed.log                   |   1 +
 .../logs/static_ruff_changed.log                   |   1 +
 .planning/m3-official-json-20261010/progress.md    |  32 +
 .planning/m3-official-json-20261010/task_plan.md   |  46 ++
 .../W02/findings.md                                |   3 +
 .../W02/progress.md                                |   3 +
 .../W02/task_plan.md                               |  14 +
 .../source_catalog/acquisition_failure.py          |   7 +
 .../source_catalog/acquisition_observation.py      | 196 +++++
 .../source_catalog/acquisition_service.py          |  39 +
 src/company_wiki/source_catalog/adapter_process.py |  71 +-
 src/company_wiki/source_catalog/bounded_http.py    |   3 +
 .../source_catalog/canonical_writer.py             | 109 ++-
 src/company_wiki/source_catalog/dayu_sdk_cli.py    |  15 +-
 src/company_wiki/source_catalog/download_budget.py |  66 +-
 src/company_wiki/source_catalog/error_taxonomy.py  |   4 +
 .../source_catalog/official_json_import.py         | 221 ++++++
 .../source_catalog/official_json_layout.py         | 503 ++++++++++++
 .../source_catalog/official_json_projection.py     | 882 +++++++++++++++++++++
 .../source_catalog/official_json_structure.py      | 465 +++++++++++
 .../source_catalog/official_json_subject.py        | 212 +++++
 .../source_catalog/official_source_cli.py          |  91 ++-
 .../source_catalog/official_source_flow.py         |  29 +-
 .../source_catalog/source_operation.py             |   4 +
 .../source_contract/source_manifest.py             | 150 ++++
 tests/contract/test_m3_official_json_contract.py   | 511 ++++++++++++
 .../contract/test_m3_official_json_frozen_pages.py | 166 ++++
 tests/integration/test_m3_acquisition_usage_cwp.py | 498 ++++++++++++
 .../test_m3_official_json_acceptance.py            | 326 ++++++++
 .../test_m3_official_json_projection.py            | 466 +++++++++++
 tests/unit/test_m3_acquisition_usage_acceptance.py | 188 +++++
 .../unit/test_m3_acquisition_usage_observation.py  | 255 ++++++
 tests/unit/test_m3_official_json_parser.py         | 362 +++++++++
 tools/pre_push_gate.py                             |   1 +
 164 files changed, 13613 insertions(+), 23 deletions(-)
 create mode 100644 .planning/m3-acceptance-json-fixes/ACCEPTANCE.md
 create mode 100644 .planning/m3-acceptance-json-fixes/green-responsibility.log
 create mode 100644 .planning/m3-acceptance-json-fixes/green-restored.log
 create mode 100644 .planning/m3-acceptance-json-fixes/green.log
 create mode 100644 .planning/m3-acceptance-json-fixes/mypy-final.log
 create mode 100644 .planning/m3-acceptance-json-fixes/mypy.log
 create mode 100644 .planning/m3-acceptance-json-fixes/numeric-red.log
 create mode 100644 .planning/m3-acceptance-json-fixes/pagination-final-responsibility.log
 create mode 100644 .planning/m3-acceptance-json-fixes/pagination-mypy.log
 create mode 100644 .planning/m3-acceptance-json-fixes/pagination-numeric-green.log
 create mode 100644 .planning/m3-acceptance-json-fixes/pagination-red.log
 create mode 100644 .planning/m3-acceptance-json-fixes/pagination-ruff.log
 create mode 100644 .planning/m3-acceptance-json-fixes/pagination-verification.json
 create mode 100644 .planning/m3-acceptance-json-fixes/red-with-container-sha.log
 create mode 100644 .planning/m3-acceptance-json-fixes/red.log
 create mode 100644 .planning/m3-acceptance-json-fixes/ruff-final.log
 create mode 100644 .planning/m3-acceptance-json-fixes/ruff.log
 create mode 100644 .planning/m3-acceptance-json-fixes/verification.json
 create mode 100644 .planning/m3-acceptance-main/ACCEPTANCE.md
 create mode 100644 .planning/m3-acceptance-usage-fixes/ACCEPTANCE.md
 create mode 100644 .planning/m3-acceptance-usage-fixes/acceptance-source-snapshot.json
 create mode 100644 .planning/m3-acceptance-usage-fixes/green-company-wiki.json
 create mode 100644 .planning/m3-acceptance-usage-fixes/green-company-wiki.log
 create mode 100644 .planning/m3-acceptance-usage-fixes/green-ff-primary-control.json
 create mode 100644 .planning/m3-acceptance-usage-fixes/green-ff-primary-control.log
 create mode 100644 .planning/m3-acceptance-usage-fixes/green-filing-fetch.json
 create mode 100644 .planning/m3-acceptance-usage-fixes/green-filing-fetch.log
 create mode 100644 .planning/m3-acceptance-usage-fixes/green-final-company-wiki.json
 create mode 100644 .planning/m3-acceptance-usage-fixes/green-final-company-wiki.log
 create mode 100644 .planning/m3-acceptance-usage-fixes/green-final-filing-fetch.json
 create mode 100644 .planning/m3-acceptance-usage-fixes/green-final-filing-fetch.log
 create mode 100644 .planning/m3-acceptance-usage-fixes/green-public-usage-e2e.json
 create mode 100644 .planning/m3-acceptance-usage-fixes/green-public-usage-e2e.log
 create mode 100644 .planning/m3-acceptance-usage-fixes/green-revenue-forecast.json
 create mode 100644 .planning/m3-acceptance-usage-fixes/green-revenue-forecast.log
 create mode 100644 .planning/m3-acceptance-usage-fixes/green-v2-company-wiki.json
 create mode 100644 .planning/m3-acceptance-usage-fixes/green-v2-company-wiki.log
 create mode 100644 .planning/m3-acceptance-usage-fixes/green-v2-public-usage-e2e.json
 create mode 100644 .planning/m3-acceptance-usage-fixes/green-v2-public-usage-e2e.log
 create mode 100644 .planning/m3-acceptance-usage-fixes/mypy-owned-runtime.json
 create mode 100644 .planning/m3-acceptance-usage-fixes/mypy-owned-runtime.log
 create mode 100644 .planning/m3-acceptance-usage-fixes/public_e2e_logs/cn_download.argv.json
 create mode 100644 .planning/m3-acceptance-usage-fixes/public_e2e_logs/cn_download.stderr.txt
 create mode 100644 .planning/m3-acceptance-usage-fixes/public_e2e_logs/cn_download.stdout.txt
 create mode 100644 .planning/m3-acceptance-usage-fixes/public_e2e_logs/us_download.argv.json
 create mode 100644 .planning/m3-acceptance-usage-fixes/public_e2e_logs/us_download.stderr.txt
 create mode 100644 .planning/m3-acceptance-usage-fixes/public_e2e_logs/us_download.stdout.txt
 create mode 100644 .planning/m3-acceptance-usage-fixes/public_e2e_logs/us_hard_failure.argv.json
 create mode 100644 .planning/m3-acceptance-usage-fixes/public_e2e_logs/us_hard_failure.stderr.txt
 create mode 100644 .planning/m3-acceptance-usage-fixes/public_e2e_logs/us_hard_failure.stdout.txt
 create mode 100644 .planning/m3-acceptance-usage-fixes/public_e2e_logs/us_missing.argv.json
 create mode 100644 .planning/m3-acceptance-usage-fixes/public_e2e_logs/us_missing.stderr.txt
 create mode 100644 .planning/m3-acceptance-usage-fixes/public_e2e_logs/us_missing.stdout.txt
 create mode 100644 .planning/m3-acceptance-usage-fixes/public_e2e_logs/us_reuse.argv.json
 create mode 100644 .planning/m3-acceptance-usage-fixes/public_e2e_logs/us_reuse.stderr.txt
 create mode 100644 .planning/m3-acceptance-usage-fixes/public_e2e_logs/us_reuse.stdout.txt
 create mode 100644 .planning/m3-acceptance-usage-fixes/public_e2e_logs_v2/cn_download.argv.json
 create mode 100644 .planning/m3-acceptance-usage-fixes/public_e2e_logs_v2/cn_download.stderr.txt
 create mode 100644 .planning/m3-acceptance-usage-fixes/public_e2e_logs_v2/cn_download.stdout.txt
 create mode 100644 .planning/m3-acceptance-usage-fixes/public_e2e_logs_v2/us_download.argv.json
 create mode 100644 .planning/m3-acceptance-usage-fixes/public_e2e_logs_v2/us_download.stderr.txt
 create mode 100644 .planning/m3-acceptance-usage-fixes/public_e2e_logs_v2/us_download.stdout.txt
 create mode 100644 .planning/m3-acceptance-usage-fixes/public_e2e_logs_v2/us_hard_failure.argv.json
 create mode 100644 .planning/m3-acceptance-usage-fixes/public_e2e_logs_v2/us_hard_failure.stderr.txt
 create mode 100644 .planning/m3-acceptance-usage-fixes/public_e2e_logs_v2/us_hard_failure.stdout.txt
 create mode 100644 .planning/m3-acceptance-usage-fixes/public_e2e_logs_v2/us_missing.argv.json
 create mode 100644 .planning/m3-acceptance-usage-fixes/public_e2e_logs_v2/us_missing.stderr.txt
 create mode 100644 .planning/m3-acceptance-usage-fixes/public_e2e_logs_v2/us_missing.stdout.txt
 create mode 100644 .planning/m3-acceptance-usage-fixes/public_e2e_logs_v2/us_reuse.argv.json
 create mode 100644 .planning/m3-acceptance-usage-fixes/public_e2e_logs_v2/us_reuse.stderr.txt
 create mode 100644 .planning/m3-acceptance-usage-fixes/public_e2e_logs_v2/us_reuse.stdout.txt
 create mode 100644 .planning/m3-acceptance-usage-fixes/red-company-wiki.log
 create mode 100644 .planning/m3-acceptance-usage-fixes/red-filing-fetch.log
 create mode 100644 .planning/m3-acceptance-usage-fixes/red-http-observations.log
 create mode 100644 .planning/m3-acceptance-usage-fixes/red-legacy-certainty.log
 create mode 100644 .planning/m3-acceptance-usage-fixes/red-public-hard-failure-fixture.log
 create mode 100644 .planning/m3-acceptance-usage-fixes/red-revenue-forecast.log
 create mode 100644 .planning/m3-acquisition-usage-20261010/HANDOFF.md
 create mode 100644 .planning/m3-acquisition-usage-20261010/INTERFACE_CHANGE.md
 create mode 100644 .planning/m3-acquisition-usage-20261010/apply_fetch_filing.py
 create mode 100644 .planning/m3-acquisition-usage-20261010/apply_ff_green.py
 create mode 100644 .planning/m3-acquisition-usage-20261010/apply_rf_green.py
 create mode 100644 .planning/m3-acquisition-usage-20261010/cwp_responsibility_regression.log
 create mode 100644 .planning/m3-acquisition-usage-20261010/e2e_logs/cn_download.argv.json
 create mode 100644 .planning/m3-acquisition-usage-20261010/e2e_logs/cn_download.stderr.txt
 create mode 100644 .planning/m3-acquisition-usage-20261010/e2e_logs/cn_download.stdout.txt
 create mode 100644 .planning/m3-acquisition-usage-20261010/e2e_logs/us_download.argv.json
 create mode 100644 .planning/m3-acquisition-usage-20261010/e2e_logs/us_download.stderr.txt
 create mode 100644 .planning/m3-acquisition-usage-20261010/e2e_logs/us_download.stdout.txt
 create mode 100644 .planning/m3-acquisition-usage-20261010/e2e_logs/us_missing.argv.json
 create mode 100644 .planning/m3-acquisition-usage-20261010/e2e_logs/us_missing.stderr.txt
 create mode 100644 .planning/m3-acquisition-usage-20261010/e2e_logs/us_missing.stdout.txt
 create mode 100644 .planning/m3-acquisition-usage-20261010/e2e_logs/us_reuse.argv.json
 create mode 100644 .planning/m3-acquisition-usage-20261010/e2e_logs/us_reuse.stderr.txt
 create mode 100644 .planning/m3-acquisition-usage-20261010/e2e_logs/us_reuse.stdout.txt
 create mode 100644 .planning/m3-acquisition-usage-20261010/exact_ci_observation.json
 create mode 100644 .planning/m3-acquisition-usage-20261010/ff_responsibility_regression.log
 create mode 100644 .planning/m3-acquisition-usage-20261010/findings.md
 create mode 100644 .planning/m3-acquisition-usage-20261010/green_cwp_final.log
 create mode 100644 .planning/m3-acquisition-usage-20261010/green_e2e_final.log
 create mode 100644 .planning/m3-acquisition-usage-20261010/green_ff_final.log
 create mode 100644 .planning/m3-acquisition-usage-20261010/green_rf_final.log
 create mode 100644 .planning/m3-acquisition-usage-20261010/handoff.json
 create mode 100644 .planning/m3-acquisition-usage-20261010/make_handoff.py
 create mode 100644 .planning/m3-acquisition-usage-20261010/progress.md
 create mode 100644 .planning/m3-acquisition-usage-20261010/red_cwp_integration.log
 create mode 100644 .planning/m3-acquisition-usage-20261010/red_ff_projection.log
 create mode 100644 .planning/m3-acquisition-usage-20261010/red_rf_projection.log
 create mode 100644 .planning/m3-acquisition-usage-20261010/restore_receipt.json
 create mode 100644 .planning/m3-acquisition-usage-20261010/rf_responsibility_regression.log
 create mode 100644 .planning/m3-acquisition-usage-20261010/runtime_file_closure.json
 create mode 100644 .planning/m3-acquisition-usage-20261010/task_plan.md
 create mode 100644 .planning/m3-official-json-20261010/HANDOFF.md
 create mode 100644 .planning/m3-official-json-20261010/INTERFACE_CHANGE.md
 create mode 100644 .planning/m3-official-json-20261010/baseline_shas.txt
 create mode 100644 .planning/m3-official-json-20261010/build_handoff.py
 create mode 100644 .planning/m3-official-json-20261010/findings.md
 create mode 100644 .planning/m3-official-json-20261010/handoff.json
 create mode 100644 .planning/m3-official-json-20261010/logs/green_contract_layout.log
 create mode 100644 .planning/m3-official-json-20261010/logs/green_final_all.log
 create mode 100644 .planning/m3-official-json-20261010/logs/green_integration_chain.log
 create mode 100644 .planning/m3-official-json-20261010/logs/green_regression_related.log
 create mode 100644 .planning/m3-official-json-20261010/logs/green_unit_parser.log
 create mode 100644 .planning/m3-official-json-20261010/logs/normal-commit.log
 create mode 100644 .planning/m3-official-json-20261010/logs/normal-commit2.log
 create mode 100644 .planning/m3-official-json-20261010/logs/normal-push.log
 create mode 100644 .planning/m3-official-json-20261010/logs/red_contract_layout.log
 create mode 100644 .planning/m3-official-json-20261010/logs/red_integration_chain.log
 create mode 100644 .planning/m3-official-json-20261010/logs/red_public_cli_import.log
 create mode 100644 .planning/m3-official-json-20261010/logs/red_unit_parser.log
 create mode 100644 .planning/m3-official-json-20261010/logs/static_mypy_changed.log
 create mode 100644 .planning/m3-official-json-20261010/logs/static_ruff_changed.log
 create mode 100644 .planning/m3-official-json-20261010/progress.md
 create mode 100644 .planning/m3-official-json-20261010/task_plan.md
 create mode 100644 docs/plans/cross-market-rf-e2e-2026-10-08/phase6/m3_root_implementation_2026-10-10/W02/findings.md
 create mode 100644 docs/plans/cross-market-rf-e2e-2026-10-08/phase6/m3_root_implementation_2026-10-10/W02/progress.md
 create mode 100644 docs/plans/cross-market-rf-e2e-2026-10-08/phase6/m3_root_implementation_2026-10-10/W02/task_plan.md
 create mode 100644 src/company_wiki/source_catalog/acquisition_observation.py
 create mode 100644 src/company_wiki/source_catalog/official_json_import.py
 create mode 100644 src/company_wiki/source_catalog/official_json_layout.py
 create mode 100644 src/company_wiki/source_catalog/official_json_projection.py
 create mode 100644 src/company_wiki/source_catalog/official_json_structure.py
 create mode 100644 src/company_wiki/source_catalog/official_json_subject.py
 create mode 100644 tests/contract/test_m3_official_json_contract.py
 create mode 100644 tests/contract/test_m3_official_json_frozen_pages.py
 create mode 100644 tests/integration/test_m3_acquisition_usage_cwp.py
 create mode 100644 tests/integration/test_m3_official_json_acceptance.py
 create mode 100644 tests/integration/test_m3_official_json_projection.py
 create mode 100644 tests/unit/test_m3_acquisition_usage_acceptance.py
 create mode 100644 tests/unit/test_m3_acquisition_usage_observation.py
 create mode 100644 tests/unit/test_m3_official_json_parser.py

