Merge made by the 'ort' strategy.
 .planning/m3-acceptance-flow-fixes/ACCEPTANCE.md   |   18 +
 .../m3-acceptance-flow-fixes/ANNUAL_ACCEPTANCE.md  |   11 +
 .planning/m3-acceptance-flow-fixes/acceptance.json |  124 +
 .../annual-acceptance.json                         |  100 +
 .../annual-final-green.json                        |   25 +
 .../annual-final-green.log                         |   12 +
 .../annual-final-green2.json                       |   25 +
 .../annual-final-green2.log                        |    4 +
 .../annual-final-static.log                        |    1 +
 .../annual-final-static2.log                       |    1 +
 .../m3-acceptance-flow-fixes/annual-green.json     |   25 +
 .../m3-acceptance-flow-fixes/annual-green.log      |    3 +
 .planning/m3-acceptance-flow-fixes/annual-red.json |   19 +
 .planning/m3-acceptance-flow-fixes/annual-red.log  |   88 +
 .../m3-acceptance-flow-fixes/annual-role-red.json  |   21 +
 .../m3-acceptance-flow-fixes/annual-role-red.log   |   19 +
 .../m3-acceptance-flow-fixes/annual-static-0.log   |    1 +
 .../m3-acceptance-flow-fixes/annual-static-1.log   |    1 +
 .../m3-acceptance-flow-fixes/annual-static.json    |   34 +
 .../annual-unit-green.json                         |   21 +
 .../m3-acceptance-flow-fixes/annual-unit-green.log |    2 +
 .planning/m3-acceptance-flow-fixes/before.json     |    7 +
 .../m3-acceptance-flow-fixes/final-green.json      |   22 +
 .planning/m3-acceptance-flow-fixes/final-green.log |    2 +
 .../m3-acceptance-flow-fixes/mechanism-green.json  |   20 +
 .../m3-acceptance-flow-fixes/mechanism-green.log   |    2 +
 .../m3-acceptance-flow-fixes/period-green.json     |   22 +
 .../m3-acceptance-flow-fixes/period-green.log      | 4067 +++++++++++++++++++
 .planning/m3-acceptance-flow-fixes/period-red.json |   18 +
 .planning/m3-acceptance-flow-fixes/period-red.log  |   61 +
 .planning/m3-acceptance-flow-fixes/red.json        |   18 +
 .planning/m3-acceptance-flow-fixes/red.log         |   49 +
 .planning/m3-acceptance-flow-fixes/static-0.log    |    1 +
 .planning/m3-acceptance-flow-fixes/static-1.log    |    1 +
 .planning/m3-acceptance-flow-fixes/static.json     |   37 +
 .planning/m3-acceptance-main/ACCEPTANCE.md         |    9 +
 .../m3-acquisition-usage-20261010/findings.md      |    7 +
 .../m3-acquisition-usage-20261010/progress.md      |    6 +
 .../m3-acquisition-usage-20261010/task_plan.md     |   18 +
 .planning/m3-period-evidence-20261010/HANDOFF.md   |  107 +
 .../INTERFACE_CHANGE.md                            |   90 +
 .../MAIN_INTEGRATION_PATCH.patch                   |   85 +
 .../m3-period-evidence-20261010/baseline.json      |  762 ++++
 .../m3-period-evidence-20261010/build_handoff.py   |  317 ++
 .../build_real_flow_mapping.py                     |  249 ++
 .../contract_consumer_map.json                     |   44 +
 .../control_forecast.json                          | 4099 ++++++++++++++++++++
 .../economic_equivalence_probe.py                  |   58 +
 .planning/m3-period-evidence-20261010/findings.md  |    6 +
 .planning/m3-period-evidence-20261010/handoff.json |  523 +++
 .../logs/compatibility_controls.log                |    3 +
 .../logs/control_compute.log                       |    0
 .../logs/control_hash.log                          |    1 +
 .../logs/control_lint.log                          |    1 +
 .../logs/control_validate.log                      |    1 +
 .../logs/economic_probe_base_411.json              |    1 +
 .../logs/economic_probe_post_420.json              |    1 +
 .../logs/full_repo_post_impl.log                   |  134 +
 .../logs/green_test_growth_driver_tree.log         |    5 +
 .../logs/green_test_m3_evidence_roles.log          |    5 +
 .../logs/green_test_m3_period_flow_contract.log    |    5 +
 .../logs/green_test_m3_schema_compatibility.log    |    5 +
 .../logs/green_test_research_evidence_roles.log    |    2 +
 .../logs/main_patch_trial.log                      |    2 +
 .../logs/pre_push_gate_local.log                   |   39 +
 .../logs/real_flow_mapping.log                     |    4 +
 .../logs/red_test_growth_driver_tree.log           |   33 +
 .../logs/red_test_m3_evidence_roles.log            |  184 +
 .../logs/red_test_m3_period_flow_contract.log      |   22 +
 .../logs/red_test_m3_schema_compatibility.log      |   35 +
 .../logs/restore_verification_note.txt             |    7 +
 .../logs/static_mypy.log                           |    1 +
 .../logs/static_ruff.log                           |    1 +
 .../period_flow_control_39.json                    | 1798 +++++++++
 .../post_impl_failed_ids.txt                       |   42 +
 .planning/m3-period-evidence-20261010/progress.md  |   12 +
 .../real_flow_mapping.json                         |  469 +++
 .../restore_receipt.json                           |   29 +
 .planning/m3-period-evidence-20261010/task_plan.md |   28 +
 CHANGELOG.md                                       |    6 +
 SKILL.md                                           |    2 +
 references/input-construction.md                   |   34 +
 references/m3-period-evidence.md                   |   88 +
 scripts/contracts/annual_consumption.py            |  132 +
 scripts/contracts/constants.py                     |   26 +-
 scripts/contracts/document.py                      |   55 +-
 scripts/contracts/period_flow.py                   |  134 +
 scripts/filing_fetch_client.py                     |   10 +-
 scripts/filing_upstream_cause.py                   |   92 +
 scripts/generate_input_template.py                 |   68 +-
 scripts/research/drivers.py                        |   82 +-
 scripts/revenue_report.py                          |   38 +-
 scripts/schema_compatibility.py                    |   24 +-
 scripts/source_preparation.py                      |   10 +-
 tests/test_data_contract.py                        |    2 +-
 tests/test_growth_driver_tree.py                   |   68 +
 tests/test_m3_acquisition_usage_acceptance.py      |   48 +
 tests/test_m3_acquisition_usage_e2e.py             |  364 ++
 tests/test_m3_acquisition_usage_rf.py              |  231 ++
 tests/test_m3_evidence_roles.py                    |  332 ++
 tests/test_m3_period_flow_annual_consumers.py      |  195 +
 tests/test_m3_period_flow_consumers.py             |   79 +
 tests/test_m3_period_flow_contract.py              |  437 +++
 tests/test_m3_schema_compatibility.py              |   90 +
 tests/test_schema_compatibility.py                 |   12 +-
 tools/pre_push_gate.py                             |    4 +
 106 files changed, 16734 insertions(+), 61 deletions(-)
 create mode 100644 .planning/m3-acceptance-flow-fixes/ACCEPTANCE.md
 create mode 100644 .planning/m3-acceptance-flow-fixes/ANNUAL_ACCEPTANCE.md
 create mode 100644 .planning/m3-acceptance-flow-fixes/acceptance.json
 create mode 100644 .planning/m3-acceptance-flow-fixes/annual-acceptance.json
 create mode 100644 .planning/m3-acceptance-flow-fixes/annual-final-green.json
 create mode 100644 .planning/m3-acceptance-flow-fixes/annual-final-green.log
 create mode 100644 .planning/m3-acceptance-flow-fixes/annual-final-green2.json
 create mode 100644 .planning/m3-acceptance-flow-fixes/annual-final-green2.log
 create mode 100644 .planning/m3-acceptance-flow-fixes/annual-final-static.log
 create mode 100644 .planning/m3-acceptance-flow-fixes/annual-final-static2.log
 create mode 100644 .planning/m3-acceptance-flow-fixes/annual-green.json
 create mode 100644 .planning/m3-acceptance-flow-fixes/annual-green.log
 create mode 100644 .planning/m3-acceptance-flow-fixes/annual-red.json
 create mode 100644 .planning/m3-acceptance-flow-fixes/annual-red.log
 create mode 100644 .planning/m3-acceptance-flow-fixes/annual-role-red.json
 create mode 100644 .planning/m3-acceptance-flow-fixes/annual-role-red.log
 create mode 100644 .planning/m3-acceptance-flow-fixes/annual-static-0.log
 create mode 100644 .planning/m3-acceptance-flow-fixes/annual-static-1.log
 create mode 100644 .planning/m3-acceptance-flow-fixes/annual-static.json
 create mode 100644 .planning/m3-acceptance-flow-fixes/annual-unit-green.json
 create mode 100644 .planning/m3-acceptance-flow-fixes/annual-unit-green.log
 create mode 100644 .planning/m3-acceptance-flow-fixes/before.json
 create mode 100644 .planning/m3-acceptance-flow-fixes/final-green.json
 create mode 100644 .planning/m3-acceptance-flow-fixes/final-green.log
 create mode 100644 .planning/m3-acceptance-flow-fixes/mechanism-green.json
 create mode 100644 .planning/m3-acceptance-flow-fixes/mechanism-green.log
 create mode 100644 .planning/m3-acceptance-flow-fixes/period-green.json
 create mode 100644 .planning/m3-acceptance-flow-fixes/period-green.log
 create mode 100644 .planning/m3-acceptance-flow-fixes/period-red.json
 create mode 100644 .planning/m3-acceptance-flow-fixes/period-red.log
 create mode 100644 .planning/m3-acceptance-flow-fixes/red.json
 create mode 100644 .planning/m3-acceptance-flow-fixes/red.log
 create mode 100644 .planning/m3-acceptance-flow-fixes/static-0.log
 create mode 100644 .planning/m3-acceptance-flow-fixes/static-1.log
 create mode 100644 .planning/m3-acceptance-flow-fixes/static.json
 create mode 100644 .planning/m3-acceptance-main/ACCEPTANCE.md
 create mode 100644 .planning/m3-acquisition-usage-20261010/findings.md
 create mode 100644 .planning/m3-acquisition-usage-20261010/progress.md
 create mode 100644 .planning/m3-acquisition-usage-20261010/task_plan.md
 create mode 100644 .planning/m3-period-evidence-20261010/HANDOFF.md
 create mode 100644 .planning/m3-period-evidence-20261010/INTERFACE_CHANGE.md
 create mode 100644 .planning/m3-period-evidence-20261010/MAIN_INTEGRATION_PATCH.patch
 create mode 100644 .planning/m3-period-evidence-20261010/baseline.json
 create mode 100644 .planning/m3-period-evidence-20261010/build_handoff.py
 create mode 100644 .planning/m3-period-evidence-20261010/build_real_flow_mapping.py
 create mode 100644 .planning/m3-period-evidence-20261010/contract_consumer_map.json
 create mode 100644 .planning/m3-period-evidence-20261010/control_forecast.json
 create mode 100644 .planning/m3-period-evidence-20261010/economic_equivalence_probe.py
 create mode 100644 .planning/m3-period-evidence-20261010/findings.md
 create mode 100644 .planning/m3-period-evidence-20261010/handoff.json
 create mode 100644 .planning/m3-period-evidence-20261010/logs/compatibility_controls.log
 create mode 100644 .planning/m3-period-evidence-20261010/logs/control_compute.log
 create mode 100644 .planning/m3-period-evidence-20261010/logs/control_hash.log
 create mode 100644 .planning/m3-period-evidence-20261010/logs/control_lint.log
 create mode 100644 .planning/m3-period-evidence-20261010/logs/control_validate.log
 create mode 100644 .planning/m3-period-evidence-20261010/logs/economic_probe_base_411.json
 create mode 100644 .planning/m3-period-evidence-20261010/logs/economic_probe_post_420.json
 create mode 100644 .planning/m3-period-evidence-20261010/logs/full_repo_post_impl.log
 create mode 100644 .planning/m3-period-evidence-20261010/logs/green_test_growth_driver_tree.log
 create mode 100644 .planning/m3-period-evidence-20261010/logs/green_test_m3_evidence_roles.log
 create mode 100644 .planning/m3-period-evidence-20261010/logs/green_test_m3_period_flow_contract.log
 create mode 100644 .planning/m3-period-evidence-20261010/logs/green_test_m3_schema_compatibility.log
 create mode 100644 .planning/m3-period-evidence-20261010/logs/green_test_research_evidence_roles.log
 create mode 100644 .planning/m3-period-evidence-20261010/logs/main_patch_trial.log
 create mode 100644 .planning/m3-period-evidence-20261010/logs/pre_push_gate_local.log
 create mode 100644 .planning/m3-period-evidence-20261010/logs/real_flow_mapping.log
 create mode 100644 .planning/m3-period-evidence-20261010/logs/red_test_growth_driver_tree.log
 create mode 100644 .planning/m3-period-evidence-20261010/logs/red_test_m3_evidence_roles.log
 create mode 100644 .planning/m3-period-evidence-20261010/logs/red_test_m3_period_flow_contract.log
 create mode 100644 .planning/m3-period-evidence-20261010/logs/red_test_m3_schema_compatibility.log
 create mode 100644 .planning/m3-period-evidence-20261010/logs/restore_verification_note.txt
 create mode 100644 .planning/m3-period-evidence-20261010/logs/static_mypy.log
 create mode 100644 .planning/m3-period-evidence-20261010/logs/static_ruff.log
 create mode 100644 .planning/m3-period-evidence-20261010/period_flow_control_39.json
 create mode 100644 .planning/m3-period-evidence-20261010/post_impl_failed_ids.txt
 create mode 100644 .planning/m3-period-evidence-20261010/progress.md
 create mode 100644 .planning/m3-period-evidence-20261010/real_flow_mapping.json
 create mode 100644 .planning/m3-period-evidence-20261010/restore_receipt.json
 create mode 100644 .planning/m3-period-evidence-20261010/task_plan.md
 create mode 100644 references/m3-period-evidence.md
 create mode 100644 scripts/contracts/annual_consumption.py
 create mode 100644 scripts/contracts/period_flow.py
 create mode 100644 tests/test_m3_acquisition_usage_acceptance.py
 create mode 100644 tests/test_m3_acquisition_usage_e2e.py
 create mode 100644 tests/test_m3_acquisition_usage_rf.py
 create mode 100644 tests/test_m3_evidence_roles.py
 create mode 100644 tests/test_m3_period_flow_annual_consumers.py
 create mode 100644 tests/test_m3_period_flow_consumers.py
 create mode 100644 tests/test_m3_period_flow_contract.py
 create mode 100644 tests/test_m3_schema_compatibility.py

