[master 13a7648c] Record ten independent M3 reviews and shared root remediations
 96 files changed, 10902 insertions(+), 16 deletions(-)
 create mode 100644 docs/plans/cross-market-rf-e2e-2026-10-08/phase6/m3_source_research_2026-10-09/first10_review_observation.json
 create mode 100644 docs/plans/cross-market-rf-e2e-2026-10-08/phase6/m3_source_research_2026-10-09/first6_review_observation.json
 create mode 100644 docs/plans/cross-market-rf-e2e-2026-10-08/phase6/m3_source_research_2026-10-09/first7_review_observation.json
 create mode 100644 docs/plans/cross-market-rf-e2e-2026-10-08/phase6/m3_source_research_2026-10-09/first8_review_observation.json
 create mode 100644 docs/plans/cross-market-rf-e2e-2026-10-08/phase6/m3_source_research_2026-10-09/http_content_coding_root/GREEN-final-projection.log
 create mode 100644 docs/plans/cross-market-rf-e2e-2026-10-08/phase6/m3_source_research_2026-10-09/http_content_coding_root/GREEN-independent-roots-attempt1.json
 create mode 100644 docs/plans/cross-market-rf-e2e-2026-10-08/phase6/m3_source_research_2026-10-09/http_content_coding_root/GREEN-independent-roots-attempt1.log
 create mode 100644 docs/plans/cross-market-rf-e2e-2026-10-08/phase6/m3_source_research_2026-10-09/http_content_coding_root/GREEN-independent-roots-attempt2.json
 create mode 100644 docs/plans/cross-market-rf-e2e-2026-10-08/phase6/m3_source_research_2026-10-09/http_content_coding_root/GREEN-independent-roots-attempt2.log
 create mode 100644 docs/plans/cross-market-rf-e2e-2026-10-08/phase6/m3_source_research_2026-10-09/http_content_coding_root/GREEN-independent-roots-final.json
 create mode 100644 docs/plans/cross-market-rf-e2e-2026-10-08/phase6/m3_source_research_2026-10-09/http_content_coding_root/GREEN-independent-roots-final.log
 create mode 100644 docs/plans/cross-market-rf-e2e-2026-10-08/phase6/m3_source_research_2026-10-09/http_content_coding_root/INDEPENDENT_REVIEW.json
 create mode 100644 docs/plans/cross-market-rf-e2e-2026-10-08/phase6/m3_source_research_2026-10-09/http_content_coding_root/INDEPENDENT_REVIEW.md
 create mode 100644 docs/plans/cross-market-rf-e2e-2026-10-08/phase6/m3_source_research_2026-10-09/http_content_coding_root/INDEPENDENT_REVIEW_REMEDIATED.json
 create mode 100644 docs/plans/cross-market-rf-e2e-2026-10-08/phase6/m3_source_research_2026-10-09/http_content_coding_root/INDEPENDENT_REVIEW_REMEDIATED.md
 create mode 100644 docs/plans/cross-market-rf-e2e-2026-10-08/phase6/m3_source_research_2026-10-09/http_content_coding_root/RED-cleanup-primary-product.log
 create mode 100644 docs/plans/cross-market-rf-e2e-2026-10-08/phase6/m3_source_research_2026-10-09/http_content_coding_root/RED-cleanup-primary.log
 create mode 100644 docs/plans/cross-market-rf-e2e-2026-10-08/phase6/m3_source_research_2026-10-09/http_content_coding_root/RED-independent-roots.json
 create mode 100644 docs/plans/cross-market-rf-e2e-2026-10-08/phase6/m3_source_research_2026-10-09/http_content_coding_root/RED-independent-roots.log
 create mode 100644 docs/plans/cross-market-rf-e2e-2026-10-08/phase6/m3_source_research_2026-10-09/http_content_coding_root/independent_review/after_hashes.json
 create mode 100644 docs/plans/cross-market-rf-e2e-2026-10-08/phase6/m3_source_research_2026-10-09/http_content_coding_root/independent_review/before_hashes.json
 create mode 100644 docs/plans/cross-market-rf-e2e-2026-10-08/phase6/m3_source_research_2026-10-09/http_content_coding_root/independent_review/cleanup.json
 create mode 100644 docs/plans/cross-market-rf-e2e-2026-10-08/phase6/m3_source_research_2026-10-09/http_content_coding_root/independent_review/conftest.py.txt
 create mode 100644 docs/plans/cross-market-rf-e2e-2026-10-08/phase6/m3_source_research_2026-10-09/http_content_coding_root/independent_review/evidence_inventory.json
 create mode 100644 docs/plans/cross-market-rf-e2e-2026-10-08/phase6/m3_source_research_2026-10-09/http_content_coding_root/independent_review/explore.py.txt
 create mode 100644 docs/plans/cross-market-rf-e2e-2026-10-08/phase6/m3_source_research_2026-10-09/http_content_coding_root/independent_review/final_source_git.json
 create mode 100644 docs/plans/cross-market-rf-e2e-2026-10-08/phase6/m3_source_research_2026-10-09/http_content_coding_root/independent_review/independent.log
 create mode 100644 docs/plans/cross-market-rf-e2e-2026-10-08/phase6/m3_source_research_2026-10-09/http_content_coding_root/independent_review/independent_junit.xml
 create mode 100644 docs/plans/cross-market-rf-e2e-2026-10-08/phase6/m3_source_research_2026-10-09/http_content_coding_root/independent_review/inventory.py.txt
 create mode 100644 docs/plans/cross-market-rf-e2e-2026-10-08/phase6/m3_source_research_2026-10-09/http_content_coding_root/independent_review/offline_dayu_child.py.txt
 create mode 100644 docs/plans/cross-market-rf-e2e-2026-10-08/phase6/m3_source_research_2026-10-09/http_content_coding_root/independent_review/parent_dayu_probe.json
 create mode 100644 docs/plans/cross-market-rf-e2e-2026-10-08/phase6/m3_source_research_2026-10-09/http_content_coding_root/independent_review/parent_dayu_probe.py.txt
 create mode 100644 docs/plans/cross-market-rf-e2e-2026-10-08/phase6/m3_source_research_2026-10-09/http_content_coding_root/independent_review/responsibility.log
 create mode 100644 docs/plans/cross-market-rf-e2e-2026-10-08/phase6/m3_source_research_2026-10-09/http_content_coding_root/independent_review/run_review.py.txt
 create mode 100644 docs/plans/cross-market-rf-e2e-2026-10-08/phase6/m3_source_research_2026-10-09/http_content_coding_root/independent_review/source_diff.txt
 create mode 100644 docs/plans/cross-market-rf-e2e-2026-10-08/phase6/m3_source_research_2026-10-09/http_content_coding_root/independent_review/test_commands.json
 create mode 100644 docs/plans/cross-market-rf-e2e-2026-10-08/phase6/m3_source_research_2026-10-09/http_content_coding_root/independent_review/test_independent_http.py.txt
 create mode 100644 docs/plans/cross-market-rf-e2e-2026-10-08/phase6/m3_source_research_2026-10-09/http_content_coding_root/independent_review_remediated/actual_parent_owned_cli.log
 create mode 100644 docs/plans/cross-market-rf-e2e-2026-10-08/phase6/m3_source_research_2026-10-09/http_content_coding_root/independent_review_remediated/adjacent.log
 create mode 100644 docs/plans/cross-market-rf-e2e-2026-10-08/phase6/m3_source_research_2026-10-09/http_content_coding_root/independent_review_remediated/adjacent.xml
 create mode 100644 docs/plans/cross-market-rf-e2e-2026-10-08/phase6/m3_source_research_2026-10-09/http_content_coding_root/independent_review_remediated/after_hashes.json
 create mode 100644 docs/plans/cross-market-rf-e2e-2026-10-08/phase6/m3_source_research_2026-10-09/http_content_coding_root/independent_review_remediated/before_hashes.json
 create mode 100644 docs/plans/cross-market-rf-e2e-2026-10-08/phase6/m3_source_research_2026-10-09/http_content_coding_root/independent_review_remediated/cleanup.json
 create mode 100644 docs/plans/cross-market-rf-e2e-2026-10-08/phase6/m3_source_research_2026-10-09/http_content_coding_root/independent_review_remediated/conftest.py.txt
 create mode 100644 docs/plans/cross-market-rf-e2e-2026-10-08/phase6/m3_source_research_2026-10-09/http_content_coding_root/independent_review_remediated/final_source_git.json
 create mode 100644 docs/plans/cross-market-rf-e2e-2026-10-08/phase6/m3_source_research_2026-10-09/http_content_coding_root/independent_review_remediated/offline_dayu_child.py.txt
 create mode 100644 docs/plans/cross-market-rf-e2e-2026-10-08/phase6/m3_source_research_2026-10-09/http_content_coding_root/independent_review_remediated/original47.log
 create mode 100644 docs/plans/cross-market-rf-e2e-2026-10-08/phase6/m3_source_research_2026-10-09/http_content_coding_root/independent_review_remediated/original47.xml
 create mode 100644 docs/plans/cross-market-rf-e2e-2026-10-08/phase6/m3_source_research_2026-10-09/http_content_coding_root/independent_review_remediated/parent_dayu_probe.json
 create mode 100644 docs/plans/cross-market-rf-e2e-2026-10-08/phase6/m3_source_research_2026-10-09/http_content_coding_root/independent_review_remediated/parent_dayu_probe.py.txt
 create mode 100644 docs/plans/cross-market-rf-e2e-2026-10-08/phase6/m3_source_research_2026-10-09/http_content_coding_root/independent_review_remediated/run_remediated.py.txt
 create mode 100644 docs/plans/cross-market-rf-e2e-2026-10-08/phase6/m3_source_research_2026-10-09/http_content_coding_root/independent_review_remediated/source_increment_diff.txt
 create mode 100644 docs/plans/cross-market-rf-e2e-2026-10-08/phase6/m3_source_research_2026-10-09/http_content_coding_root/independent_review_remediated/supplied_evidence_inventory.json
 create mode 100644 docs/plans/cross-market-rf-e2e-2026-10-08/phase6/m3_source_research_2026-10-09/http_content_coding_root/independent_review_remediated/test_commands.json
 create mode 100644 docs/plans/cross-market-rf-e2e-2026-10-08/phase6/m3_source_research_2026-10-09/http_content_coding_root/independent_review_remediated/test_independent_http.py.txt
 create mode 100644 docs/plans/cross-market-rf-e2e-2026-10-08/phase6/m3_source_research_2026-10-09/http_content_coding_root/independent_review_remediated/test_remediated_adjacent.py.txt
 create mode 100644 docs/plans/cross-market-rf-e2e-2026-10-08/phase6/m3_source_research_2026-10-09/http_content_coding_root/main-merge.json
 create mode 100644 docs/plans/cross-market-rf-e2e-2026-10-08/phase6/m3_source_research_2026-10-09/http_content_coding_root/main-merge.log
 create mode 100644 docs/plans/cross-market-rf-e2e-2026-10-08/phase6/m3_source_research_2026-10-09/http_content_coding_root/source-independent-roots-commit.json
 create mode 100644 docs/plans/cross-market-rf-e2e-2026-10-08/phase6/m3_source_research_2026-10-09/http_content_coding_root/source-independent-roots-commit.log
 create mode 100644 docs/plans/cross-market-rf-e2e-2026-10-08/phase6/m3_source_research_2026-10-09/http_content_coding_root/source-independent-roots-push.json
 create mode 100644 docs/plans/cross-market-rf-e2e-2026-10-08/phase6/m3_source_research_2026-10-09/http_content_coding_root/source-independent-roots-push.log
 create mode 100644 docs/plans/cross-market-rf-e2e-2026-10-08/phase6/m3_source_research_2026-10-09/http_content_coding_root/static-independent-roots-diff.log
 create mode 100644 docs/plans/cross-market-rf-e2e-2026-10-08/phase6/m3_source_research_2026-10-09/http_content_coding_root/static-independent-roots-mypy.log
 create mode 100644 docs/plans/cross-market-rf-e2e-2026-10-08/phase6/m3_source_research_2026-10-09/http_content_coding_root/static-independent-roots-ruff.log
 create mode 100644 docs/plans/cross-market-rf-e2e-2026-10-08/phase6/m3_source_research_2026-10-09/http_content_coding_root/static-independent-roots.json
 create mode 100644 docs/plans/cross-market-rf-e2e-2026-10-08/phase6/m3_source_research_2026-10-09/http_content_coding_root/typecheck-independent-roots-attempt1.log
 create mode 100644 docs/plans/cross-market-rf-e2e-2026-10-08/phase6/m3_source_research_2026-10-09/main_parser_reviews_ci.json
 create mode 100644 docs/plans/cross-market-rf-e2e-2026-10-08/phase6/m3_source_research_2026-10-09/main_parser_reviews_push.json
 create mode 100644 docs/plans/cross-market-rf-e2e-2026-10-08/phase6/m3_source_research_2026-10-09/main_parser_reviews_push.log
 create mode 100644 docs/plans/cross-market-rf-e2e-2026-10-08/phase6/m3_source_research_2026-10-09/native_evidence_whitespace_note.md
 create mode 100644 docs/plans/cross-market-rf-e2e-2026-10-08/phase6/m3_source_research_2026-10-09/rf_optional_period_root/GREEN-responsibility.json
 create mode 100644 docs/plans/cross-market-rf-e2e-2026-10-08/phase6/m3_source_research_2026-10-09/rf_optional_period_root/GREEN-responsibility.log
 create mode 100644 docs/plans/cross-market-rf-e2e-2026-10-08/phase6/m3_source_research_2026-10-09/rf_optional_period_root/IMPLEMENTATION.md
 create mode 100644 docs/plans/cross-market-rf-e2e-2026-10-08/phase6/m3_source_research_2026-10-09/rf_optional_period_root/RED-optional-period.json
 create mode 100644 docs/plans/cross-market-rf-e2e-2026-10-08/phase6/m3_source_research_2026-10-09/rf_optional_period_root/RED-optional-period.log
 create mode 100644 docs/plans/cross-market-rf-e2e-2026-10-08/phase6/m3_source_research_2026-10-09/rf_optional_period_root/installed-source-preparation.json
 create mode 100644 docs/plans/cross-market-rf-e2e-2026-10-08/phase6/m3_source_research_2026-10-09/rf_optional_period_root/main-ci.json
 create mode 100644 docs/plans/cross-market-rf-e2e-2026-10-08/phase6/m3_source_research_2026-10-09/rf_optional_period_root/main-merge.json
 create mode 100644 docs/plans/cross-market-rf-e2e-2026-10-08/phase6/m3_source_research_2026-10-09/rf_optional_period_root/main-merge.log
 create mode 100644 docs/plans/cross-market-rf-e2e-2026-10-08/phase6/m3_source_research_2026-10-09/rf_optional_period_root/main-push.json
 create mode 100644 docs/plans/cross-market-rf-e2e-2026-10-08/phase6/m3_source_research_2026-10-09/rf_optional_period_root/main-push.log
 create mode 100644 docs/plans/cross-market-rf-e2e-2026-10-08/phase6/m3_source_research_2026-10-09/rf_optional_period_root/preflight.json
 create mode 100644 docs/plans/cross-market-rf-e2e-2026-10-08/phase6/m3_source_research_2026-10-09/rf_optional_period_root/real-2025-stderr.txt
 create mode 100644 docs/plans/cross-market-rf-e2e-2026-10-08/phase6/m3_source_research_2026-10-09/rf_optional_period_root/real-2025-stdout.json
 create mode 100644 docs/plans/cross-market-rf-e2e-2026-10-08/phase6/m3_source_research_2026-10-09/rf_optional_period_root/real-2026-stderr.txt
 create mode 100644 docs/plans/cross-market-rf-e2e-2026-10-08/phase6/m3_source_research_2026-10-09/rf_optional_period_root/real-2026-stdout.json
 create mode 100644 docs/plans/cross-market-rf-e2e-2026-10-08/phase6/m3_source_research_2026-10-09/rf_optional_period_root/real_two_h1_reuse.json
 create mode 100644 docs/plans/cross-market-rf-e2e-2026-10-08/phase6/m3_source_research_2026-10-09/rf_optional_period_root/source-commit.json
 create mode 100644 docs/plans/cross-market-rf-e2e-2026-10-08/phase6/m3_source_research_2026-10-09/rf_optional_period_root/source-commit.log
runtime dependency declaration parity.............................(no files to check)Skipped
ruff check (WU-1.2, mirrors CI)...................................(no files to check)Skipped
mypy contract modules (FC-1204-c, mirrors CI).....................(no files to check)Skipped
config doctor (WU-7.1, mirrors CI)................................(no files to check)Skipped
host assumption guard (FC-1307-a, mirrors the CI contract test)...(no files to check)Skipped
