warning: in the working copy of 'src/company_wiki/automation/execution_context.py', LF will be replaced by CRLF the next time Git touches it
warning: in the working copy of 'src/company_wiki/automation/narrative_batch_cli.py', LF will be replaced by CRLF the next time Git touches it
warning: in the working copy of 'src/company_wiki/automation/narrative_batch_request.py', LF will be replaced by CRLF the next time Git touches it
warning: in the working copy of 'src/company_wiki/automation/narrative_contracts.py', LF will be replaced by CRLF the next time Git touches it
warning: in the working copy of 'src/company_wiki/automation/narrative_evidence_view.py', LF will be replaced by CRLF the next time Git touches it
warning: in the working copy of 'src/company_wiki/automation/narrative_generation.py', LF will be replaced by CRLF the next time Git touches it
warning: in the working copy of 'src/company_wiki/automation/narrative_projection.py', LF will be replaced by CRLF the next time Git touches it
warning: in the working copy of 'src/company_wiki/automation/narrative_worker_factory.py', LF will be replaced by CRLF the next time Git touches it
warning: in the working copy of 'src/company_wiki/automation/store.py', LF will be replaced by CRLF the next time Git touches it
warning: in the working copy of 'src/company_wiki/source_catalog/narrative_artifact_store.py', LF will be replaced by CRLF the next time Git touches it
warning: in the working copy of 'src/company_wiki/source_catalog/narrative_evidence.py', LF will be replaced by CRLF the next time Git touches it
warning: in the working copy of 'src/company_wiki/source_catalog/narrative_transport_cli.py', LF will be replaced by CRLF the next time Git touches it
warning: in the working copy of 'src/company_wiki/source_catalog/official_source_cli.py', LF will be replaced by CRLF the next time Git touches it
warning: in the working copy of 'src/company_wiki/source_catalog/transcript_layout.py', LF will be replaced by CRLF the next time Git touches it
warning: in the working copy of 'tests/contract/test_official_transcript_layouts.py', LF will be replaced by CRLF the next time Git touches it
warning: in the working copy of 'tests/integration/test_s5_narrative_evidence_view.py', LF will be replaced by CRLF the next time Git touches it
warning: in the working copy of 'tests/support/narrative_model_fixture.py', LF will be replaced by CRLF the next time Git touches it
warning: in the working copy of 'src/company_wiki/source_catalog/transcript_versions.py', LF will be replaced by CRLF the next time Git touches it
warning: in the working copy of 'tests/fixtures/narrative_real_transcript/README.md', LF will be replaced by CRLF the next time Git touches it
warning: in the working copy of 'tests/integration/test_official_json_batch_preparation.py', LF will be replaced by CRLF the next time Git touches it
warning: in the working copy of 'tests/integration/test_official_json_empty_batch_e2e.py', LF will be replaced by CRLF the next time Git touches it
warning: in the working copy of 'tests/integration/test_official_json_evidence_view.py', LF will be replaced by CRLF the next time Git touches it
warning: in the working copy of 'tests/unit/test_official_json_batch_identity.py', LF will be replaced by CRLF the next time Git touches it
warning: in the working copy of 'tests/unit/test_official_json_narrative_adapter.py', LF will be replaced by CRLF the next time Git touches it
warning: in the working copy of 'tests/unit/test_official_json_subject_contracts.py', LF will be replaced by CRLF the next time Git touches it
warning: in the working copy of 'tests/unit/test_transcript_boundary_versions.py', LF will be replaced by CRLF the next time Git touches it
