Push unit scope: configuration or test entrypoint changed (1 paths)

=== affected units and CI contract smoke ===
CW-BASETEMP-DECISION {"event": "decision", "requested_basetemp": "C:\\Users\\\u90d1\u66fe\u6ce2\\AppData\\Local\\Temp\\cwpp-f4ac6g6g", "requested_basetemp_len": 45, "cwd_len": 34, "threshold": 60, "win32_path_limit": 210, "generation_reserve": 150, "relocated": false, "reason": "within-budget"}
============================= test session starts =============================
platform win32 -- Python 3.13.9, pytest-9.1.1, pluggy-1.5.0
benchmark: 5.2.3 (defaults: timer=time.perf_counter disable_gc=False min_rounds=5 min_time=0.000005 max_time=1.0 calibration_precision=10 warmup=False warmup_iterations=100000)
rootdir: C:\Users\Ö£Ôø²¨\Projects\company-wiki
configfile: pytest.ini
plugins: anyio-4.13.0, Faker-40.19.1, langsmith-0.14.4, asyncio-1.3.0, base-url-2.1.0, benchmark-5.2.3, cov-7.0.0, html-4.1.1, metadata-3.1.1, mock-3.15.1, playwright-0.7.2, timeout-2.4.0, xdist-3.8.0
asyncio: mode=Mode.AUTO, debug=False, asyncio_default_fixture_loop_scope=None, asyncio_default_test_loop_scope=function
timeout: 180.0s
timeout method: thread
timeout func_only: False
collected 3020 items

tests\unit\test_acquisition_budget.py ..                                 [  0%]
tests\unit\test_acquisition_failure_diagnostic.py ...................... [  0%]
.........                                                                [  1%]
tests\unit\test_acquisition_scope_responsibility.py ......               [  1%]
tests\unit\test_acquisition_usage_recovery.py ...........                [  1%]
tests\unit\test_adapter_process_budget.py .................              [  2%]
tests\unit\test_adapter_registration_efficiency.py .....                 [  2%]
tests\unit\test_automation_approval_api_retired.py ..                    [  2%]
tests\unit\test_automation_controller.py ............                    [  2%]
tests\unit\test_automation_error_semantics.py .................          [  3%]
tests\unit\test_automation_execution_context.py .......                  [  3%]
tests\unit\test_automation_job_scope_queries.py ...                      [  3%]
tests\unit\test_automation_migrations.py ...........................     [  4%]
tests\unit\test_automation_migrations_v2.py .........                    [  4%]
tests\unit\test_automation_migrations_v3.py .....                        [  5%]
tests\unit\test_automation_models.py .............................       [  6%]
tests\unit\test_automation_planner.py .............................      [  7%]
tests\unit\test_automation_runtime_control.py .....                      [  7%]
tests\unit\test_automation_scheduler.py .......                          [  7%]
tests\unit\test_automation_store.py ..............................       [  8%]
tests\unit\test_automation_store_atomic.py ...............               [  8%]
tests\unit\test_automation_supervisor.py .....                           [  9%]
tests\unit\test_automation_worker.py .................                   [  9%]
tests\unit\test_b10_frontmatter_tolerance.py .....                       [  9%]
tests\unit\test_b10_manifest_abort_paths.py ...                          [  9%]
tests\unit\test_b10_metadata_state.py ....                               [ 10%]
tests\unit\test_batch_assessment.py ................                     [ 10%]
tests\unit\test_batch_preparation_deadline.py ..........                 [ 10%]
tests\unit\test_bounded_content_encoding.py ............................ [ 11%]
..........                                                               [ 12%]
tests\unit\test_bounded_http.py .............                            [ 12%]
tests\unit\test_bounded_process.py ....                                  [ 12%]
tests\unit\test_canonical_import_reference.py ....                       [ 12%]
tests\unit\test_catalog_reader.py ..........                             [ 13%]
tests\unit\test_catalog_reader_queries.py .............                  [ 13%]
tests\unit\test_ci_push_selection.py ................................... [ 14%]
....                                                                     [ 14%]
tests\unit\test_cleanup_deprecated.py .....                              [ 15%]
tests\unit\test_commit_policy.py ..                                      [ 15%]
tests\unit\test_common.py ...................                            [ 15%]
tests\unit\test_config.py .........                                      [ 16%]
tests\unit\test_contradiction_detector.py .........                      [ 16%]
tests\unit\test_cross_market_suite.py .............................      [ 17%]
tests\unit\test_dayu_fiscal_metadata.py ................................ [ 18%]
..                                                                       [ 18%]
tests\unit\test_dayu_sdk_bridge.py ........                              [ 18%]
tests\unit\test_dayu_sdk_config.py ...                                   [ 18%]
tests\unit\test_dayu_sdk_fetch.py ......                                 [ 19%]
tests\unit\test_default_steady_source_reader.py ......                   [ 19%]
tests\unit\test_dependency_declarations.py ...                           [ 19%]
tests\unit\test_deployment.py .......................                    [ 20%]
tests\unit\test_domain.py .........                                      [ 20%]
tests\unit\test_download.py .........                                    [ 20%]
tests\unit\test_error_taxonomy.py ................                       [ 21%]
tests\unit\test_file_mutex.py ..                                         [ 21%]
tests\unit\test_finite_configured_entrypoint_launch.py ........          [ 21%]
tests\unit\test_fresh_selection_semantics.py ......................      [ 22%]
tests\unit\test_g4_pipeline_retirement.py .....................          [ 22%]
tests\unit\test_g5_legacy_checks_retirement.py ......................... [ 23%]
.............................                                            [ 24%]
tests\unit\test_generation_policy.py .....................               [ 25%]
tests\unit\test_graph_models.py ............                             [ 25%]
tests\unit\test_hermetic_runtime.py ...                                  [ 25%]
tests\unit\test_ingest.py ...............                                [ 26%]
tests\unit\test_legacy_entrypoint_simplification.py .................... [ 27%]
........................................................................ [ 29%]
....................                                                     [ 30%]
tests\unit\test_llm_client.py .....................                      [ 30%]
tests\unit\test_llm_defaults.py .........                                [ 31%]
tests\unit\test_log_writer.py ........                                   [ 31%]
tests\unit\test_m3_acquisition_usage_acceptance.py ..................... [ 32%]
..                                                                       [ 32%]
tests\unit\test_m3_acquisition_usage_observation.py .................... [ 32%]
...................                                                      [ 33%]
tests\unit\test_m3_official_json_parser.py ............................. [ 34%]
............................                                             [ 35%]
tests\unit\test_main_ocr_selection.py .................................. [ 36%]
.........                                                                [ 36%]
tests\unit\test_migrate_raw.py ...........                               [ 37%]
tests\unit\test_migration.py ..................                          [ 37%]
tests\unit\test_monitor.py .................                             [ 38%]
tests\unit\test_n4_batch_scope.py .....................                  [ 38%]
tests\unit\test_n4c_preflight_budget.py .....                            [ 39%]
tests\unit\test_n6_budget_selection.py .........                         [ 39%]
tests\unit\test_n6_candidate_main_boundaries.py .................        [ 40%]
tests\unit\test_n6_candidate_recall.py ......                            [ 40%]
tests\unit\test_n6_context_boundaries.py ...................             [ 40%]
tests\unit\test_n6_dedup_context_safety.py ...............               [ 41%]
tests\unit\test_n6_group_dedup.py .................                      [ 41%]
tests\unit\test_narrative_artifact_store.py .............                [ 42%]
tests\unit\test_narrative_batch.py .................                     [ 42%]
tests\unit\test_narrative_batch_request.py .................             [ 43%]
tests\unit\test_narrative_current_read.py .............                  [ 43%]
tests\unit\test_narrative_english_business_recall.py ................... [ 44%]
....                                                                     [ 44%]
tests\unit\test_narrative_english_operations.py .......................  [ 45%]
tests\unit\test_narrative_evidence.py .................................. [ 46%]
............                                                             [ 46%]
tests\unit\test_narrative_evidence_view_query.py .......                 [ 47%]
tests\unit\test_narrative_format_pipeline.py .............               [ 47%]
tests\unit\test_narrative_generation.py ............                     [ 47%]
tests\unit\test_narrative_http_model.py ................................ [ 49%]
...........................                                              [ 49%]
tests\unit\test_narrative_job_contracts.py ...............               [ 50%]
tests\unit\test_narrative_language.py ......                             [ 50%]
tests\unit\test_narrative_locale_boundary.py ...................         [ 51%]
tests\unit\test_narrative_model_aliases.py .........                     [ 51%]
tests\unit\test_narrative_model_caller.py ....................           [ 52%]
tests\unit\test_narrative_model_config.py ...........................    [ 53%]
tests\unit\test_narrative_model_request.py ........                      [ 53%]
tests\unit\test_narrative_model_usage.py ...............                 [ 53%]
tests\unit\test_narrative_ocr_composition.py ........................    [ 54%]
tests\unit\test_narrative_outbox_store.py ....                           [ 54%]
tests\unit\test_narrative_partial_summary.py ........................... [ 55%]
.....                                                                    [ 55%]
tests\unit\test_narrative_pdf_bytes.py ..                                [ 55%]
tests\unit\test_narrative_quality_projection.py ...........              [ 56%]
tests\unit\test_narrative_reasoning_usage.py ................            [ 56%]
tests\unit\test_narrative_retrieval.py ............                      [ 57%]
tests\unit\test_narrative_run_ownership.py ...............               [ 57%]
tests\unit\test_narrative_run_store.py ......................            [ 58%]
tests\unit\test_narrative_select_handler.py ............................ [ 59%]
                                                                         [ 59%]
tests\unit\test_narrative_selection_architecture.py .................... [ 60%]
.......................                                                  [ 60%]
tests\unit\test_narrative_source_guard.py .....                          [ 60%]
tests\unit\test_narrative_summarize_handler.py ......................... [ 61%]
..............                                                           [ 62%]
tests\unit\test_narrative_summary_review_pilot.py .........              [ 62%]
tests\unit\test_narrative_transport_cli_output.py .                      [ 62%]
tests\unit\test_narrative_transport_contracts.py ....................... [ 63%]
.....                                                                    [ 63%]
tests\unit\test_narrative_verify_handler.py ....................         [ 64%]
tests\unit\test_narrative_versioned_resume.py .......................... [ 65%]
..........................                                               [ 65%]
tests\unit\test_narrative_worker_factory.py .................            [ 66%]
tests\unit\test_native_document_pipeline.py .F.                          [ 66%]
tests\unit\test_new_modules.py ..................                        [ 67%]
tests\unit\test_normalized_artifact_reader.py ....................       [ 67%]
tests\unit\test_official_json_batch_identity.py ................         [ 68%]
tests\unit\test_official_json_model_subject.py ......................... [ 69%]
.......                                                                  [ 69%]
tests\unit\test_official_json_narrative_adapter.py .................     [ 69%]
tests\unit\test_official_json_narrative_subject.py ..............        [ 70%]
tests\unit\test_official_json_projection_generation.py ................. [ 70%]
......................................                                   [ 72%]
tests\unit\test_official_json_public_dispatch.py ..........              [ 72%]
tests\unit\test_official_json_run_prompt_admission.py .................. [ 73%]
...........                                                              [ 73%]
tests\unit\test_official_json_subject_contracts.py ...............       [ 74%]
tests\unit\test_official_json_summarize_subject.py ..........            [ 74%]
tests\unit\test_official_json_transport_subject_contracts.py ........... [ 74%]
............................                                             [ 75%]
tests\unit\test_p7_official_projection_identity.py ...................   [ 76%]
tests\unit\test_pdf_classify.py ....                                     [ 76%]
tests\unit\test_pipeline.py ...................                          [ 77%]
tests\unit\test_policy_3x.py ............                                [ 77%]
tests\unit\test_pre_push_temp_scope.py ....                              [ 77%]
tests\unit\test_prompt_injection_guard.py .........                      [ 77%]
tests\unit\test_prompt_review_gate_retired.py ..                         [ 77%]
tests\unit\test_prompts.py ...................                           [ 78%]
tests\unit\test_proposal.py .............................                [ 79%]
tests\unit\test_quality.py ................                              [ 80%]
tests\unit\test_query.py ..............                                  [ 80%]
tests\unit\test_question_model.py ........................               [ 81%]
tests\unit\test_recovery_baseline.py ....                                [ 81%]
tests\unit\test_replay_config_isolation.py .......                       [ 81%]
tests\unit\test_runtime_dependencies.py .                                [ 81%]
tests\unit\test_s7_adoption_project_context.py ......................... [ 82%]
...                                                                      [ 82%]
tests\unit\test_s7_operating_fact_semantics.py ........................  [ 83%]
tests\unit\test_s7_pdf_qa_fragments.py .............................     [ 84%]
tests\unit\test_scheduler.py .........................                   [ 85%]
tests\unit\test_secret_audit.py .......                                  [ 85%]
tests\unit\test_secret_preflight.py ...                                  [ 85%]
tests\unit\test_source_catalog_financing_classification.py ............. [ 85%]
......                                                                   [ 86%]
tests\unit\test_source_catalog_scanner_direct.py ....                    [ 86%]
tests\unit\test_source_catalog_scoped_scan.py ...............            [ 86%]
tests\unit\test_source_discoverer.py ..........                          [ 87%]
tests\unit\test_source_facts.py .......................                  [ 87%]
tests\unit\test_source_policy.py .............                           [ 88%]
tests\unit\test_source_qualification.py .......................          [ 89%]
tests\unit\test_source_read_policy.py ..........................         [ 89%]
tests\unit\test_stage_taxonomy.py ....................                   [ 90%]
tests\unit\test_state_store.py ...............                           [ 91%]
tests\unit\test_steady_runtime_policy.py .....                           [ 91%]
tests\unit\test_store_initialization.py .......................          [ 92%]
tests\unit\test_summarize_junit_failures.py .........                    [ 92%]
tests\unit\test_terminal_narrative_receipts.py .....................     [ 93%]
tests\unit\test_transcript_boundary_versions.py ..............           [ 93%]
tests\unit\test_transcript_parser_compatibility.py ...................   [ 94%]
tests\unit\test_wiki_repository.py ..................                    [ 94%]
tests\unit\test_wikilinks.py .........                                   [ 95%]
tests\unit\test_writer_freeze.py ..........                              [ 95%]
tests\unit\test_zr304_read_model.py .........                            [ 95%]
tests\integration\test_m3_official_json_acceptance.py .................. [ 96%]
...........................                                              [ 97%]
tests\contract\test_zr203_reader_rewire.py .                             [ 97%]
tests\contract\test_zr1003_shadow_assertions.py .                        [ 97%]
tests\contract\test_zr1006_broker_cohort.py .                            [ 97%]
tests\contract\test_source_catalog_temp_worker_governance.py ..          [ 97%]
tests\contract\test_narrative_output_plan.py ......                      [ 97%]
tests\contract\test_summary_group_coverage.py .......................    [ 98%]
tests\contract\test_official_transcript_layouts.py ..........            [ 98%]
tests\contract\test_transcript_speaker_affiliation.py .............      [ 99%]
tests\contract\test_source_scope_qualification.py ...................... [ 99%]
.....                                                                    [ 99%]
tests\contract\test_fc905_receipt_envelope.py .                          [ 99%]
tests\contract\test_b10_read_chain.py .                                  [100%]

================================== FAILURES ===================================
_ test_native_documents_select_verify_public_replay_and_roles[text/html-earnings_call_transcript-en-natural_html_call] _
tests\unit\test_native_document_pipeline.py:94: in test_native_documents_select_verify_public_replay_and_roles
    assert selected.parser.version == "0.3.0" and selected.transcript_byte_bindings
E   AssertionError: assert ('0.3.1' == '0.3.0'
E     
E     - 0.3.0
E     ?     ^
E     + 0.3.1
E     ?     ^)
=========================== short test summary info ===========================
FAILED tests/unit/test_native_document_pipeline.py::test_native_documents_select_verify_public_replay_and_roles[text/html-earnings_call_transcript-en-natural_html_call]
================= 1 failed, 3019 passed in 268.61s (0:04:28) ==================


FAILED: affected units and CI contract smoke

GATE RED at: affected units and CI contract smoke
Fix the root cause (see revenue-forecast ci_root_fix.md), do not bypass.

PUSH BLOCKED by pre-push gate (CI root-fix protocol). Fix the root cause; do not bypass.
error: failed to push some refs to 'https://github.com/zhengcb81/company-wiki.git'
