src\company_wiki\source_catalog\download_budget.py:141: error: Unsupported operand types for - ("str" and "Decimal")  [operator]
src\company_wiki\source_catalog\download_budget.py:141: note: Left operand is of type "Decimal | str"
src\company_wiki\source_catalog\download_budget.py:156: error: Unsupported operand types for > ("Decimal" and "str")  [operator]
src\company_wiki\source_catalog\download_budget.py:156: note: Right operand is of type "Decimal | str"
src\company_wiki\source_catalog\download_budget.py:203: error: Unsupported operand types for > ("Decimal" and "str")  [operator]
src\company_wiki\source_catalog\download_budget.py:203: note: Right operand is of type "Decimal | str"
src\company_wiki\source_catalog\download_budget.py:228: error: Unsupported operand types for > ("Decimal" and "str")  [operator]
src\company_wiki\source_catalog\download_budget.py:228: note: Right operand is of type "Decimal | str"
src\company_wiki\source_catalog\adapter_process.py:373: error: "AdapterProcessError" has no attribute "reported_retryable"  [attr-defined]
src\company_wiki\source_catalog\dayu_sdk_cli.py:130: error: Cannot find implementation or library stub for module named "dayu.fins.downloaders.sec_downloader"  [import-not-found]
src\company_wiki\source_catalog\dayu_sdk_cli.py:130: note: See https://mypy.readthedocs.io/en/stable/running_mypy.html#missing-imports
src\company_wiki\source_catalog\dayu_sdk_cli.py:131: error: Cannot find implementation or library stub for module named "dayu.fins.pipelines.sec_filing_collection"  [import-not-found]
src\company_wiki\source_catalog\dayu_sdk_cli.py:153: error: Cannot find implementation or library stub for module named "dayu.fins.downloaders.hkexnews_downloader"  [import-not-found]
src\company_wiki\source_catalog\dayu_sdk_cli.py:154: error: Cannot find implementation or library stub for module named "dayu.fins.pipelines.cn_download_models"  [import-not-found]
src\company_wiki\source_catalog\official_source_flow.py:126: error: Skipping analyzing "fitz": module is installed, but missing library stubs or py.typed marker  [import-untyped]
src\company_wiki\source_catalog\official_source_flow.py:126: note: See https://mypy.readthedocs.io/en/stable/running_mypy.html#missing-imports
src\company_wiki\source_catalog\official_source_flow.py:340: error: "Exception" has no attribute "capture_id"  [attr-defined]
src\company_wiki\source_catalog\official_source_flow.py:341: error: "Exception" has no attribute "capture_receipt"  [attr-defined]
src\company_wiki\source_catalog\official_source_flow.py:444: error: "Exception" has no attribute "capture_id"  [attr-defined]
src\company_wiki\source_catalog\official_source_flow.py:445: error: "Exception" has no attribute "capture_receipt"  [attr-defined]
src\company_wiki\source_catalog\official_source_flow.py:780: error: Unsupported operand types for + ("object" and "int")  [operator]
src\company_wiki\source_catalog\official_source_flow.py:811: error: Unsupported operand types for < ("int" and "object")  [operator]
src\company_wiki\source_catalog\official_source_flow.py:819: error: "Exception" has no attribute "acquisition_usage"  [attr-defined]
src\company_wiki\source_catalog\official_source_flow.py:820: error: "Exception" has no attribute "acquisition_usage_complete"  [attr-defined]
src\company_wiki\source_catalog\official_source_flow.py:821: error: "Exception" has no attribute "provider_started"  [attr-defined]
src\company_wiki\source_catalog\official_source_flow.py:824: error: "Exception" has no attribute "acquisition_usage"  [attr-defined]
src\company_wiki\source_catalog\official_source_flow.py:826: error: "Exception" has no attribute "capture_receipt"  [attr-defined]
src\company_wiki\source_catalog\official_source_flow.py:832: error: "Exception" has no attribute "capture_id"  [attr-defined]
src\company_wiki\source_catalog\official_source_flow.py:835: error: "Exception" has no attribute "acquisition_usage"  [attr-defined]
src\company_wiki\source_catalog\official_source_flow.py:860: error: "Exception" has no attribute "capture_id"  [attr-defined]
src\company_wiki\source_catalog\official_source_flow.py:861: error: "Exception" has no attribute "capture_receipt"  [attr-defined]
src\company_wiki\source_catalog\official_source_flow.py:862: error: "Exception" has no attribute "acquisition_usage"  [attr-defined]
src\company_wiki\source_catalog\official_source_flow.py:863: error: "Exception" has no attribute "acquisition_usage_complete"  [attr-defined]
src\company_wiki\source_catalog\official_source_flow.py:864: error: "Exception" has no attribute "provider_started"  [attr-defined]
Found 28 errors in 4 files (checked 7 source files)

