CW-BASETEMP-DECISION {"event": "decision", "requested_basetemp": "C:\\Users\\\u90d1\u66fe\u6ce2\\Projects\\company-wiki\\.tmp\\http-independent-c8c4-20261009\\probes", "requested_basetemp_len": 77, "cwd_len": 63, "threshold": 60, "win32_path_limit": 210, "generation_reserve": 150, "relocated": true, "reason": "resolved-basetemp-exceeds-budget", "effective_basetemp": "C:\\Users\\\u90d1\u66fe\u6ce2\\Projects\\company-wiki\\.tmp\\http-independent-c8c4-20261009\\cw-pytest-basetemp\\20261009-205948-bab93829", "effective_basetemp_len": 114}
============================= test session starts =============================
platform win32 -- Python 3.13.9, pytest-9.1.1, pluggy-1.5.0
benchmark: 5.2.3 (defaults: timer=time.perf_counter disable_gc=False min_rounds=5 min_time=0.000005 max_time=1.0 calibration_precision=10 warmup=False warmup_iterations=100000)
rootdir: C:\Users\郑曾波\Projects\company-wiki
configfile: pytest.ini
plugins: anyio-4.13.0, Faker-40.19.1, langsmith-0.14.4, asyncio-1.3.0, base-url-2.1.0, benchmark-5.2.3, cov-7.0.0, html-4.1.1, metadata-3.1.1, mock-3.15.1, playwright-0.7.2, timeout-2.4.0, xdist-3.8.0
asyncio: mode=Mode.AUTO, debug=False, asyncio_default_fixture_loop_scope=None, asyncio_default_test_loop_scope=function
collected 47 items

..\..\..\..\Projects\company-wiki\.tmp\http-independent-c8c4-20261009\test_independent_http.py . [  2%]
...............FFF.................F......F..F                           [100%]

================================== FAILURES ===================================
_________ test_legal_raw_deflate_with_zlib_like_prefix_is_accepted[1] _________
src\company_wiki\source_catalog\bounded_content_encoding.py:64: in feed
    output = self._decoder.decompress(pending, limit)
             ^^^^^^^^^^^^^^^^^^^^^^^^^^^^^^^^^^^^^^^^
E   zlib.error: Error -3 while decompressing data: invalid stored block lengths

The above exception was the direct cause of the following exception:
src\company_wiki\source_catalog\bounded_http.py:133: in _decode_chunk
    for entity in decoder.feed(chunk, lambda: budget.remaining_response_bytes + 1):
                  ^^^^^^^^^^^^^^^^^^^^^^^^^^^^^^^^^^^^^^^^^^^^^^^^^^^^^^^^^^^^^^^^
src\company_wiki\source_catalog\bounded_content_encoding.py:66: in feed
    raise InvalidContentCoding("invalid compressed entity") from exc
E   company_wiki.source_catalog.bounded_content_encoding.InvalidContentCoding: invalid compressed entity

The above exception was the direct cause of the following exception:
..\..\..\..\Projects\company-wiki\.tmp\http-independent-c8c4-20261009\test_independent_http.py:86: in test_legal_raw_deflate_with_zlib_like_prefix_is_accepted
    assert c.get('https://fixture.invalid/ambiguous-raw').content==expected
           ^^^^^^^^^^^^^^^^^^^^^^^^^^^^^^^^^^^^^^^^^^^^^^
C:\Miniconda\Lib\site-packages\httpx\_client.py:1053: in get
    return self.request(
C:\Miniconda\Lib\site-packages\httpx\_client.py:825: in request
    return self.send(request, auth=auth, follow_redirects=follow_redirects)
           ^^^^^^^^^^^^^^^^^^^^^^^^^^^^^^^^^^^^^^^^^^^^^^^^^^^^^^^^^^^^^^^^
C:\Miniconda\Lib\site-packages\httpx\_client.py:928: in send
    raise exc
C:\Miniconda\Lib\site-packages\httpx\_client.py:922: in send
    response.read()
C:\Miniconda\Lib\site-packages\httpx\_models.py:881: in read
    self._content = b"".join(self.iter_bytes())
                    ^^^^^^^^^^^^^^^^^^^^^^^^^^^
C:\Miniconda\Lib\site-packages\httpx\_models.py:897: in iter_bytes
    for raw_bytes in self.iter_raw():
                     ^^^^^^^^^^^^^^^
C:\Miniconda\Lib\site-packages\httpx\_models.py:951: in iter_raw
    for raw_stream_bytes in self.stream:
                            ^^^^^^^^^^^
C:\Miniconda\Lib\site-packages\httpx\_client.py:153: in __iter__
    for chunk in self._stream:
                 ^^^^^^^^^^^^
src\company_wiki\source_catalog\bounded_http.py:164: in __iter__
    yield from _decode_chunk(chunk, self.decoder, self.budget, self.checkpoint)
src\company_wiki\source_catalog\bounded_http.py:137: in _decode_chunk
    raise ProviderBudgetStop("incomplete_response", "invalid compressed HTTP body") from exc
E   company_wiki.source_catalog.bounded_http.ProviderBudgetStop: invalid compressed HTTP body
_________ test_legal_raw_deflate_with_zlib_like_prefix_is_accepted[2] _________
src\company_wiki\source_catalog\bounded_content_encoding.py:64: in feed
    output = self._decoder.decompress(pending, limit)
             ^^^^^^^^^^^^^^^^^^^^^^^^^^^^^^^^^^^^^^^^
E   zlib.error: Error -3 while decompressing data: invalid stored block lengths

The above exception was the direct cause of the following exception:
src\company_wiki\source_catalog\bounded_http.py:133: in _decode_chunk
    for entity in decoder.feed(chunk, lambda: budget.remaining_response_bytes + 1):
                  ^^^^^^^^^^^^^^^^^^^^^^^^^^^^^^^^^^^^^^^^^^^^^^^^^^^^^^^^^^^^^^^^
src\company_wiki\source_catalog\bounded_content_encoding.py:66: in feed
    raise InvalidContentCoding("invalid compressed entity") from exc
E   company_wiki.source_catalog.bounded_content_encoding.InvalidContentCoding: invalid compressed entity

The above exception was the direct cause of the following exception:
..\..\..\..\Projects\company-wiki\.tmp\http-independent-c8c4-20261009\test_independent_http.py:86: in test_legal_raw_deflate_with_zlib_like_prefix_is_accepted
    assert c.get('https://fixture.invalid/ambiguous-raw').content==expected
           ^^^^^^^^^^^^^^^^^^^^^^^^^^^^^^^^^^^^^^^^^^^^^^
C:\Miniconda\Lib\site-packages\httpx\_client.py:1053: in get
    return self.request(
C:\Miniconda\Lib\site-packages\httpx\_client.py:825: in request
    return self.send(request, auth=auth, follow_redirects=follow_redirects)
           ^^^^^^^^^^^^^^^^^^^^^^^^^^^^^^^^^^^^^^^^^^^^^^^^^^^^^^^^^^^^^^^^
C:\Miniconda\Lib\site-packages\httpx\_client.py:928: in send
    raise exc
C:\Miniconda\Lib\site-packages\httpx\_client.py:922: in send
    response.read()
C:\Miniconda\Lib\site-packages\httpx\_models.py:881: in read
    self._content = b"".join(self.iter_bytes())
                    ^^^^^^^^^^^^^^^^^^^^^^^^^^^
C:\Miniconda\Lib\site-packages\httpx\_models.py:897: in iter_bytes
    for raw_bytes in self.iter_raw():
                     ^^^^^^^^^^^^^^^
C:\Miniconda\Lib\site-packages\httpx\_models.py:951: in iter_raw
    for raw_stream_bytes in self.stream:
                            ^^^^^^^^^^^
C:\Miniconda\Lib\site-packages\httpx\_client.py:153: in __iter__
    for chunk in self._stream:
                 ^^^^^^^^^^^^
src\company_wiki\source_catalog\bounded_http.py:164: in __iter__
    yield from _decode_chunk(chunk, self.decoder, self.budget, self.checkpoint)
src\company_wiki\source_catalog\bounded_http.py:137: in _decode_chunk
    raise ProviderBudgetStop("incomplete_response", "invalid compressed HTTP body") from exc
E   company_wiki.source_catalog.bounded_http.ProviderBudgetStop: invalid compressed HTTP body
________ test_legal_raw_deflate_with_zlib_like_prefix_is_accepted[166] ________
src\company_wiki\source_catalog\bounded_content_encoding.py:64: in feed
    output = self._decoder.decompress(pending, limit)
             ^^^^^^^^^^^^^^^^^^^^^^^^^^^^^^^^^^^^^^^^
E   zlib.error: Error -3 while decompressing data: invalid stored block lengths

The above exception was the direct cause of the following exception:
src\company_wiki\source_catalog\bounded_http.py:133: in _decode_chunk
    for entity in decoder.feed(chunk, lambda: budget.remaining_response_bytes + 1):
                  ^^^^^^^^^^^^^^^^^^^^^^^^^^^^^^^^^^^^^^^^^^^^^^^^^^^^^^^^^^^^^^^^
src\company_wiki\source_catalog\bounded_content_encoding.py:66: in feed
    raise InvalidContentCoding("invalid compressed entity") from exc
E   company_wiki.source_catalog.bounded_content_encoding.InvalidContentCoding: invalid compressed entity

The above exception was the direct cause of the following exception:
..\..\..\..\Projects\company-wiki\.tmp\http-independent-c8c4-20261009\test_independent_http.py:86: in test_legal_raw_deflate_with_zlib_like_prefix_is_accepted
    assert c.get('https://fixture.invalid/ambiguous-raw').content==expected
           ^^^^^^^^^^^^^^^^^^^^^^^^^^^^^^^^^^^^^^^^^^^^^^
C:\Miniconda\Lib\site-packages\httpx\_client.py:1053: in get
    return self.request(
C:\Miniconda\Lib\site-packages\httpx\_client.py:825: in request
    return self.send(request, auth=auth, follow_redirects=follow_redirects)
           ^^^^^^^^^^^^^^^^^^^^^^^^^^^^^^^^^^^^^^^^^^^^^^^^^^^^^^^^^^^^^^^^
C:\Miniconda\Lib\site-packages\httpx\_client.py:928: in send
    raise exc
C:\Miniconda\Lib\site-packages\httpx\_client.py:922: in send
    response.read()
C:\Miniconda\Lib\site-packages\httpx\_models.py:881: in read
    self._content = b"".join(self.iter_bytes())
                    ^^^^^^^^^^^^^^^^^^^^^^^^^^^
C:\Miniconda\Lib\site-packages\httpx\_models.py:897: in iter_bytes
    for raw_bytes in self.iter_raw():
                     ^^^^^^^^^^^^^^^
C:\Miniconda\Lib\site-packages\httpx\_models.py:951: in iter_raw
    for raw_stream_bytes in self.stream:
                            ^^^^^^^^^^^
C:\Miniconda\Lib\site-packages\httpx\_client.py:153: in __iter__
    for chunk in self._stream:
                 ^^^^^^^^^^^^
src\company_wiki\source_catalog\bounded_http.py:164: in __iter__
    yield from _decode_chunk(chunk, self.decoder, self.budget, self.checkpoint)
src\company_wiki\source_catalog\bounded_http.py:137: in _decode_chunk
    raise ProviderBudgetStop("incomplete_response", "invalid compressed HTTP body") from exc
E   company_wiki.source_catalog.bounded_http.ProviderBudgetStop: invalid compressed HTTP body
_____ test_async_response_early_close_closes_active_iterator_immediately ______
..\..\..\..\Projects\company-wiki\.tmp\http-independent-c8c4-20261009\test_independent_http.py:165: in test_async_response_early_close_closes_active_iterator_immediately
    asyncio.run(run())
C:\Miniconda\Lib\asyncio\runners.py:195: in run
    return runner.run(main)
           ^^^^^^^^^^^^^^^^
C:\Miniconda\Lib\asyncio\runners.py:118: in run
    return self._loop.run_until_complete(task)
           ^^^^^^^^^^^^^^^^^^^^^^^^^^^^^^^^^^^
C:\Miniconda\Lib\asyncio\base_events.py:725: in run_until_complete
    return future.result()
           ^^^^^^^^^^^^^^^
..\..\..\..\Projects\company-wiki\.tmp\http-independent-c8c4-20261009\test_independent_http.py:164: in run
    assert s.closed and s.iterator_closed
E   assert (True and False)
E    +  where True = <test_independent_http.A object at 0x000002DDFB52BED0>.closed
E    +  and   False = <test_independent_http.A object at 0x000002DDFB52BED0>.iterator_closed
________ test_failure_final_partial_wire_observation_preserves_unknown ________
..\..\..\..\Projects\company-wiki\.tmp\http-independent-c8c4-20261009\test_independent_http.py:204: in test_failure_final_partial_wire_observation_preserves_unknown
    assert b.wire_usage_complete is False
E   AssertionError: assert True is False
E    +  where True = AcquisitionBudget(max_response_bytes=100, deadline_monotonic=219184.8676689, max_cost_usd=Decimal('1'), response_bytes...r_started=True, failure_usage_complete=True, usage_reported=True, wire_response_bytes_used=7, wire_usage_complete=True).wire_usage_complete
_ test_public_cli_projects_actual_finite_http_fields_at_every_failure[mime-refusal] _
..\..\..\..\Projects\company-wiki\.tmp\http-independent-c8c4-20261009\test_independent_http.py:238: in test_public_cli_projects_actual_finite_http_fields_at_every_failure
    assert out['http_observation']=={'status_code':200,'mime_type':'text/html','content_encoding':'br' if mode=='header-refusal' else 'gzip','wire_content_length':None}
           ^^^^^^^^^^^^^^^^^^^^^^^
E   KeyError: 'http_observation'
- generated xml file: C:\Users\郑曾波\Projects\company-wiki\docs\plans\cross-market-rf-e2e-2026-10-08\phase6\m3_source_research_2026-10-09\http_content_coding_root\independent_review\independent_junit.xml -
=========================== short test summary info ===========================
FAILED ..\..\..\..\Projects\company-wiki\.tmp\http-independent-c8c4-20261009\test_independent_http.py::test_legal_raw_deflate_with_zlib_like_prefix_is_accepted[1]
FAILED ..\..\..\..\Projects\company-wiki\.tmp\http-independent-c8c4-20261009\test_independent_http.py::test_legal_raw_deflate_with_zlib_like_prefix_is_accepted[2]
FAILED ..\..\..\..\Projects\company-wiki\.tmp\http-independent-c8c4-20261009\test_independent_http.py::test_legal_raw_deflate_with_zlib_like_prefix_is_accepted[166]
FAILED ..\..\..\..\Projects\company-wiki\.tmp\http-independent-c8c4-20261009\test_independent_http.py::test_async_response_early_close_closes_active_iterator_immediately
FAILED ..\..\..\..\Projects\company-wiki\.tmp\http-independent-c8c4-20261009\test_independent_http.py::test_failure_final_partial_wire_observation_preserves_unknown
FAILED ..\..\..\..\Projects\company-wiki\.tmp\http-independent-c8c4-20261009\test_independent_http.py::test_public_cli_projects_actual_finite_http_fields_at_every_failure[mime-refusal]
======================== 6 failed, 41 passed in 2.57s =========================
CW-BASETEMP-CLEANUP {"event": "cleanup", "dir": "C:\\Users\\\u90d1\u66fe\u6ce2\\Projects\\company-wiki\\.tmp\\http-independent-c8c4-20261009\\cw-pytest-basetemp\\20261009-205948-bab93829", "existed": true, "removed": true}
